Processing pico (platform: raspberrypi; board: pico; framework: arduino; monitor_speed: 115200; board_build.f_cpu: 133000000L; upload_protocol: cmsis-dap; debug_tool: cmsis-dap; upload_port: COM6)
--------------------------------------------------------------------------------
CONFIGURATION: https://docs.platformio.org/page/boards/raspberrypi/pico.html
PLATFORM: Raspberry Pi RP2040 (1.7.0) > Raspberry Pi Pico
HARDWARE: RP2040 133MHz, 264KB RAM, 2MB Flash
DEBUG: Current (cmsis-dap) External (cmsis-dap, jlink, raspberrypi-swd)
PACKAGES: 
 - framework-arduino-mbed @ 3.1.1 
 - tool-rp2040tools @ 1.0.2 
 - toolchain-gccarmnoneeabi @ 1.90201.191206 (9.2.1)
LDF: Library Dependency Finder -> https://bit.ly/configure-pio-ldf
LDF Modes: Finder ~ chain, Compatibility ~ soft
Found 37 compatible libraries
Scanning dependencies...
No dependencies
Building in debug mode
MethodWrapper(["checkprogsize"], [".pio\build\pico\firmware.elf"])
Advanced Memory Usage is available via "PlatformIO Home > Project Inspect"
RAM:   [==        ]  15.9% (used 42896 bytes from 270336 bytes)
Flash: [          ]   0.2% (used 4186 bytes from 2097152 bytes)
.pio\build\pico\firmware.elf  :

section                                                                                                                                                                                                                                                                                                    size        addr

.boot2                                                                                                                                                                                                                                                                                                      256   268435456

.text                                                                                                                                                                                                                                                                                                      2130   268435712

.text.frame_dummy                                                                                                                                                                                                                                                                                            32   268437844

.text._Z12run_samplingv                                                                                                                                                                                                                                                                                     144   268437876

.text._Z12calculateFFTv                                                                                                                                                                                                                                                                                     188   268438020

.text.loop                                                                                                                                                                                                                                                                                                  160   268438208

.text.setup                                                                                                                                                                                                                                                                                                 124   268438368

.text._Z17euclideanDistance7cmplx_t                                                                                                                                                                                                                                                                          42   268438492

.text._Z16fourierComponentPfjf                                                                                                                                                                                                                                                                              256   268438536

.text._ZL21boot_double_tap_checkv                                                                                                                                                                                                                                                                           100   268438792

.text._Z41__static_initialization_and_destruction_0ii                                                                                                                                                                                                                                                       380   268438892

.text._GLOBAL__sub_I.00101_dt                                                                                                                                                                                                                                                                                12   268439272

.text._ZL5utox8mPh                                                                                                                                                                                                                                                                                           46   268439284

.text.PINCOUNT_fn                                                                                                                                                                                                                                                                                             4   268439330

.text.initVariant                                                                                                                                                                                                                                                                                             2   268439334

.text._Z21getUniqueSerialNumberPh                                                                                                                                                                                                                                                                            36   268439336

.text._Z16_ontouch1200bps_v                                                                                                                                                                                                                                                                                  32   268439372

.text._ZN4mbed6detail12CallbackBase19trivial_target_dtorERNS1_5StoreE                                                                                                                                                                                                                                         2   268439404

.text._ZN4mbed6detail12CallbackBase19trivial_target_copyERNS1_5StoreERKS2_                                                                                                                                                                                                                                   10   268439406

.text._ZN7arduino5Print17availableForWriteEv                                                                                                                                                                                                                                                                  4   268439416

.text._ZN7arduino4UART5beginEmt                                                                                                                                                                                                                                                                              88   268439420

.text._ZN7arduino4UART5flushEv                                                                                                                                                                                                                                                                               28   268439508

.text._ZN7arduino4UART5writeEh                                                                                                                                                                                                                                                                               92   268439536

.text._ZN7arduino4UART5writeEPKhj                                                                                                                                                                                                                                                                           124   268439628

.text._ZN7arduino4UARTcvbEv                                                                                                                                                                                                                                                                                  48   268439752

.text._ZN7arduino11RingBufferNILi256EE9availableEv                                                                                                                                                                                                                                                            8   268439800

.text._ZN7arduino11RingBufferNILi256EE4peekEv                                                                                                                                                                                                                                                                26   268439808

.text._ZN7arduino11RingBufferNILi256EE17availableForStoreEv                                                                                                                                                                                                                                                  14   268439834

.text._ZN4mbed8callbackIN7arduino4UARTES2_vJEEENS_8CallbackIFT1_DpT2_EEEPT0_MT_FS4_S6_E                                                                                                                                                                                                                      48   268439848

.text._ZN7arduino4UART5beginEm                                                                                                                                                                                                                                                                              160   268439896

.text._ZN7arduino11RingBufferNILi256EE5clearEv                                                                                                                                                                                                                                                               18   268440056

.text._ZN7arduino11RingBufferNILi256EEC2Ev                                                                                                                                                                                                                                                                   24   268440074

.text._ZN7arduino4UART3endEv                                                                                                                                                                                                                                                                                 64   268440098

.text._ZN7arduino11RingBufferNILi256EE9nextIndexEi                                                                                                                                                                                                                                                            8   268440162

.text._ZN7arduino11RingBufferNILi256EE9read_charEv                                                                                                                                                                                                                                                           50   268440170

.text._ZN7arduino11RingBufferNILi256EE6isFullEv                                                                                                                                                                                                                                                              18   268440220

.text._ZN7arduino11RingBufferNILi256EE10store_charEh                                                                                                                                                                                                                                                         44   268440238

.text._ZN7arduino4UART5on_rxEv                                                                                                                                                                                                                                                                               82   268440282

.text._ZN7arduino9USBSerial11onInterruptEv                                                                                                                                                                                                                                                                   92   268440364

.text._ZN7arduino4UART9availableEv                                                                                                                                                                                                                                                                           76   268440456

.text._ZN7arduino4UART4peekEv                                                                                                                                                                                                                                                                                76   268440532

.text._ZN7arduino4UART4readEv                                                                                                                                                                                                                                                                                76   268440608

.text._ZN4mstd4impl6INVOKEIN7arduino4UARTEFvvERKPS3_JEEENSt9enable_ifIXaaaasrSt11is_functionIT0_E5valuentsrSt10is_base_ofIT_NSt5decayIT1_E4typeEE5valuentsrNS0_20is_reference_wrapperISH_EE5valueEDTcldsdecl7forwardISF_Efp0_Efp_spcl7forwardIT2_Efp1_EEEE4typeEMSD_SA_OSF_DpOSL_                            34   268440684

.text._ZN4mstd6invokeIRKMN7arduino4UARTEFvvEJRKPS2_EEENS_13invoke_resultIT_JDpT0_EE4typeEOSB_DpOSC_                                                                                                                                                                                                          16   268440718

.text._ZN4mbed6detail8invoke_rIvRKMN7arduino4UARTEFvvEJRKPS3_ELi0EEET_OT0_DpOT1_                                                                                                                                                                                                                              8   268440734

.text._ZN4mstd4impl6INVOKEIRZN4mbed8CallbackIFvvEEC4IPN7arduino4UARTEMS8_FvvELi0EEET_T0_EUlvE_JEEENSt9enable_ifIXoontsrSt17is_member_pointerINSt5decayISC_E4typeEE5valueaasrSt24is_member_object_pointerISK_E5valuenesZfp0_Li1EEDTclcl7forwardISC_Efp_Espcl7forwardIT0_Efp0_EEEE4typeEOSC_DpOSO_             12   268440742

.text._ZN4mstd6invokeIRZN4mbed8CallbackIFvvEEC4IPN7arduino4UARTEMS7_FvvELi0EEET_T0_EUlvE_JEEENS_13invoke_resultISB_JDpT0_EE4typeEOSB_DpOSG_                                                                                                                                                                   8   268440754

.text._ZN4mbed6detail8invoke_rIvRZNS_8CallbackIFvvEEC4IPN7arduino4UARTEMS7_FvvELi0EEET_T0_EUlvE_JELi0EEESB_OSC_DpOT1_                                                                                                                                                                                         8   268440762

.text._ZN4mbed8CallbackIFvvEE11target_callIZNS2_C4IPN7arduino4UARTEMS6_FvvELi0EEET_T0_EUlvE_EEvPKNS_6detail12CallbackBaseE                                                                                                                                                                                    8   268440770

.text._GLOBAL__sub_I__ZN7arduino4UARTC2Eiiii                                                                                                                                                                                                                                                                 16   268440780

.text._ZN9USBDevice18report_desc_dengthEv                                                                                                                                                                                                                                                                     4   268440796

.text._ZN9USBDevice14callback_powerEb                                                                                                                                                                                                                                                                         2   268440800

.text._ZN9USBDevice12callback_sofEi                                                                                                                                                                                                                                                                           2   268440802

.text._ZN7arduino18PluggableUSBDevice14callback_resetEv                                                                                                                                                                                                                                                      28   268440804

.text._ZN7arduino18PluggableUSBDevice21callback_state_changeEN9USBDevice11DeviceStateE                                                                                                                                                                                                                       32   268440832

.text._ZN7arduino18PluggableUSBDevice25string_imanufacturer_descEv                                                                                                                                                                                                                                            8   268440864

.text._ZN7arduino18PluggableUSBDeviceD2Ev                                                                                                                                                                                                                                                                    28   268440872

.text._ZN7arduino18PluggableUSBDeviceD0Ev                                                                                                                                                                                                                                                                    22   268440900

.text._ZN7arduino18PluggableUSBDevice16callback_requestEPKN9USBDevice14setup_packet_tE                                                                                                                                                                                                                       88   268440924

.text._ZN7arduino18PluggableUSBDevice26callback_request_xfer_doneEPKN9USBDevice14setup_packet_tEb                                                                                                                                                                                                            72   268441012

.text._ZN7arduino18PluggableUSBDevice26callback_set_configurationEh                                                                                                                                                                                                                                          44   268441084

.text._ZN7arduino18PluggableUSBDevice22callback_set_interfaceEth                                                                                                                                                                                                                                             48   268441128

.text._ZN7arduino18PluggableUSBDevice11device_descEv                                                                                                                                                                                                                                                         90   268441176

.text._ZL10TO_UNICODEPKcPh                                                                                                                                                                                                                                                                                   42   268441266

.text._ZN7arduino18PluggableUSBDevice22string_iinterface_descEv                                                                                                                                                                                                                                              76   268441308

.text._ZN7arduino18PluggableUSBDevice20string_iproduct_descEv                                                                                                                                                                                                                                                52   268441384

.text._ZN7arduino18PluggableUSBDevice19string_iserial_descEv                                                                                                                                                                                                                                                 44   268441436

.text._ZN7arduino18PluggableUSBDevice18configuration_descEh                                                                                                                                                                                                                                                 144   268441480

.text._ZN7arduino18PluggableUSBDeviceC2Ett                                                                                                                                                                                                                                                                   48   268441624

.text._ZN7arduino18PluggableUSBDevice4plugEPNS_8internal18PluggableUSBModuleE                                                                                                                                                                                                                                64   268441672

.text._ZN7arduino18PluggableUSBDevice4initEv                                                                                                                                                                                                                                                                 64   268441736

.text._ZN7arduino18PluggableUSBDevice5beginEv                                                                                                                                                                                                                                                                16   268441800

.text._Z13PluggableUSBDv                                                                                                                                                                                                                                                                                     80   268441816

.text._ZN7arduino8internal18PluggableUSBModule4lockEv                                                                                                                                                                                                                                                        14   268441896

.text._ZN7arduino8internal18PluggableUSBModule6unlockEv                                                                                                                                                                                                                                                      14   268441910

.text._ZN7arduino8internal18PluggableUSBModule13assert_lockedEv                                                                                                                                                                                                                                              14   268441924

.text._ZN7arduino18PluggableUSBDevice13assert_lockedEv                                                                                                                                                                                                                                                        8   268441938

.text._ZN7arduino18PluggableUSBDevice6unlockEv                                                                                                                                                                                                                                                                8   268441946

.text._ZN7arduino18PluggableUSBDevice4lockEv                                                                                                                                                                                                                                                                  8   268441954

.text._ZN7arduino6USBCDC19line_coding_changedEiiii                                                                                                                                                                                                                                                            2   268441962

.text._ZN7arduino6USBCDC7data_rxEv                                                                                                                                                                                                                                                                            2   268441964

.text._ZN7arduino6USBCDC7data_txEv                                                                                                                                                                                                                                                                            2   268441966

.text._ZN7arduino6USBCDC9AsyncWait7processEv                                                                                                                                                                                                                                                                  8   268441968

.text._ZN7arduino6USBCDC22string_iinterface_descEv                                                                                                                                                                                                                                                            8   268441976

.text._ZN7arduino6USBCDC17getProductVersionEv                                                                                                                                                                                                                                                                 4   268441984

.text._ZN7arduino6USBCDC20string_iproduct_descEv                                                                                                                                                                                                                                                              8   268441988

.text._ZN7arduino6USBCDC18configuration_descEh                                                                                                                                                                                                                                                              334   268441996

.text._ZN7arduino6USBCDCD2Ev                                                                                                                                                                                                                                                                                 52   268442332

.text._ZN7arduino6USBCDCD0Ev                                                                                                                                                                                                                                                                                 22   268442384

.text._ZN7arduino6USBCDC4initER16EndpointResolver                                                                                                                                                                                                                                                           124   268442408

.text._ZN7arduino6USBCDC22callback_set_interfaceEth                                                                                                                                                                                                                                                           8   268442532

.text._ZN7arduino6USBCDC26callback_request_xfer_doneEPKN9USBDevice14setup_packet_tEb                                                                                                                                                                                                                        148   268442540

.text._ZN7arduino6USBCDC9AsyncWaitD2Ev                                                                                                                                                                                                                                                                       20   268442688

.text._ZN7arduino6USBCDC9AsyncWaitD0Ev                                                                                                                                                                                                                                                                       28   268442708

.text._ZN7arduino6USBCDC10AsyncWriteD2Ev                                                                                                                                                                                                                                                                     20   268442736

.text._ZN7arduino6USBCDC10AsyncWriteD0Ev                                                                                                                                                                                                                                                                     28   268442756

.text._ZN7arduino6USBCDC9AsyncReadD2Ev                                                                                                                                                                                                                                                                       20   268442784

.text._ZN7arduino6USBCDC9AsyncReadD0Ev                                                                                                                                                                                                                                                                       28   268442804

.text._ZN7arduino6USBCDC9_send_isrEv                                                                                                                                                                                                                                                                         60   268442832

.text._ZN7arduino6USBCDC12_receive_isrEv                                                                                                                                                                                                                                                                     96   268442892

.text._ZN7arduino6USBCDCC2EP6USBPhyPKcttt                                                                                                                                                                                                                                                                    68   268442988

.text._ZN7arduino6USBCDC26_change_terminal_connectedEb                                                                                                                                                                                                                                                      188   268443056

.text._ZN7arduino6USBCDC14callback_resetEv                                                                                                                                                                                                                                                                   18   268443244

.text._ZN7arduino6USBCDC21callback_state_changeEN9USBDevice11DeviceStateE                                                                                                                                                                                                                                    26   268443262

.text._ZN7arduino6USBCDC16callback_requestEPKN9USBDevice14setup_packet_tEPNS1_13RequestResultEPPh                                                                                                                                                                                                           134   268443288

.text._ZN7arduino6USBCDC10wait_readyEv                                                                                                                                                                                                                                                                       72   268443424

.text._ZN7arduino6USBCDC4sendEPhm                                                                                                                                                                                                                                                                            96   268443496

.text._ZN7arduino6USBCDC15_send_isr_startEv                                                                                                                                                                                                                                                                  56   268443592

.text._ZN7arduino6USBCDC7send_nbEPhmPmb                                                                                                                                                                                                                                                                     116   268443648

.text._ZN7arduino6USBCDC10AsyncWrite7processEv                                                                                                                                                                                                                                                               86   268443764

.text._ZN7arduino6USBCDC7receiveEPhmPm                                                                                                                                                                                                                                                                      148   268443852

.text._ZN7arduino6USBCDC18_receive_isr_startEv                                                                                                                                                                                                                                                               48   268444000

.text._ZN7arduino6USBCDC10receive_nbEPhmPm                                                                                                                                                                                                                                                                   82   268444048

.text._ZN7arduino6USBCDC9AsyncRead7processEv                                                                                                                                                                                                                                                                108   268444130

.text._ZN4mbed8callbackIN7arduino6USBCDCES2_vJEEENS_8CallbackIFT1_DpT2_EEEPT0_MT_FS4_S6_E                                                                                                                                                                                                                    48   268444240

.text._ZN7arduino6USBCDC26callback_set_configurationEh                                                                                                                                                                                                                                                      188   268444288

.text._ZN4mstd4impl6INVOKEIN7arduino6USBCDCEFvvERKPS3_JEEENSt9enable_ifIXaaaasrSt11is_functionIT0_E5valuentsrSt10is_base_ofIT_NSt5decayIT1_E4typeEE5valuentsrNS0_20is_reference_wrapperISH_EE5valueEDTcldsdecl7forwardISF_Efp0_Efp_spcl7forwardIT2_Efp1_EEEE4typeEMSD_SA_OSF_DpOSL_                          34   268444476

.text._ZN4mstd6invokeIRKMN7arduino6USBCDCEFvvEJRKPS2_EEENS_13invoke_resultIT_JDpT0_EE4typeEOSB_DpOSC_                                                                                                                                                                                                        16   268444510

.text._ZN4mbed6detail8invoke_rIvRKMN7arduino6USBCDCEFvvEJRKPS3_ELi0EEET_OT0_DpOT1_                                                                                                                                                                                                                            8   268444526

.text._ZN4mstd4impl6INVOKEIRZN4mbed8CallbackIFvvEEC4IPN7arduino6USBCDCEMS8_FvvELi0EEET_T0_EUlvE_JEEENSt9enable_ifIXoontsrSt17is_member_pointerINSt5decayISC_E4typeEE5valueaasrSt24is_member_object_pointerISK_E5valuenesZfp0_Li1EEDTclcl7forwardISC_Efp_Espcl7forwardIT0_Efp0_EEEE4typeEOSC_DpOSO_           12   268444534

.text._ZN4mstd6invokeIRZN4mbed8CallbackIFvvEEC4IPN7arduino6USBCDCEMS7_FvvELi0EEET_T0_EUlvE_JEEENS_13invoke_resultISB_JDpT0_EE4typeEOSB_DpOSG_                                                                                                                                                                 8   268444546

.text._ZN4mbed6detail8invoke_rIvRZNS_8CallbackIFvvEEC4IPN7arduino6USBCDCEMS7_FvvELi0EEET_T0_EUlvE_JELi0EEESB_OSC_DpOT1_                                                                                                                                                                                       8   268444554

.text._ZN4mbed8CallbackIFvvEE11target_callIZNS2_C4IPN7arduino6USBCDCEMS6_FvvELi0EEET_T0_EUlvE_EEvPKNS_6detail12CallbackBaseE                                                                                                                                                                                  8   268444562

.text._ZN4mbed10FileHandle8truncateEl                                                                                                                                                                                                                                                                         6   268444570

.text._ZN4mbed10FileHandle12set_blockingEb                                                                                                                                                                                                                                                                   14   268444576

.text._ZNK4mbed10FileHandle11is_blockingEv                                                                                                                                                                                                                                                                    4   268444590

.text._ZN4mbed10FileHandle12enable_inputEb                                                                                                                                                                                                                                                                    6   268444594

.text._ZN4mbed10FileHandle13enable_outputEb                                                                                                                                                                                                                                                                   6   268444600

.text._ZNK4mbed10FileHandle4pollEs                                                                                                                                                                                                                                                                            4   268444606

.text._ZN4mbed10FileHandle5sigioENS_8CallbackIFvvEEE                                                                                                                                                                                                                                                          2   268444610

.text._ZN4mbed6Stream4lockEv                                                                                                                                                                                                                                                                                  2   268444612

.text._ZN4mbed6Stream6unlockEv                                                                                                                                                                                                                                                                                2   268444614

.text._ZN7arduino9USBSerial5beginEmt                                                                                                                                                                                                                                                                         24   268444616

.text._ZN7arduino9USBSerial3endEv                                                                                                                                                                                                                                                                             4   268444640

.text._ZN7arduino9USBSerial5flushEv                                                                                                                                                                                                                                                                           4   268444644

.text._Z14usbPortChangediiii                                                                                                                                                                                                                                                                                 28   268444648

.text._ZN7arduino9USBSerialD2Ev                                                                                                                                                                                                                                                                              92   268444676

.text._ZThn296_N7arduino9USBSerialD1Ev                                                                                                                                                                                                                                                                       24   268444768

.text._ZThn300_N7arduino9USBSerialD1Ev                                                                                                                                                                                                                                                                       24   268444792

.text._ZN7arduino9USBSerialD0Ev                                                                                                                                                                                                                                                                              22   268444816

.text._ZThn300_N7arduino9USBSerialD0Ev                                                                                                                                                                                                                                                                       24   268444840

.text._ZThn296_N7arduino9USBSerialD0Ev                                                                                                                                                                                                                                                                       24   268444864

.text._ZN7arduino9USBSerial5_putcEi                                                                                                                                                                                                                                                                          30   268444888

.text._ZThn296_N7arduino9USBSerial5_putcEi                                                                                                                                                                                                                                                                   24   268444920

.text._ZN7arduino9USBSerial5_getcEv                                                                                                                                                                                                                                                                          36   268444944

.text._ZThn296_N7arduino9USBSerial5_getcEv                                                                                                                                                                                                                                                                   24   268444980

.text._ZN7arduino9USBSerial19line_coding_changedEiiii                                                                                                                                                                                                                                                        66   268445004

.text._ZN7arduino9USBSerial7data_rxEv                                                                                                                                                                                                                                                                        68   268445072

.text._ZN7arduino9USBSerial10_availableEv                                                                                                                                                                                                                                                                    42   268445140

.text._ZN7arduino9USBSerial9connectedEv                                                                                                                                                                                                                                                                       6   268445182

.text._ZL16waitForPortClosev                                                                                                                                                                                                                                                                                 64   268445188

.text._ZN7arduino9USBSerialcvbEv                                                                                                                                                                                                                                                                             40   268445252

.text._ZN7arduino9USBSerial5writeEPKhj                                                                                                                                                                                                                                                                      128   268445292

.text._ZN7arduino9USBSerial5writeEh                                                                                                                                                                                                                                                                          64   268445420

.text._ZN4mbed8callbackIN7arduino9USBSerialES2_vJEEENS_8CallbackIFT1_DpT2_EEEPT0_MT_FS4_S6_E                                                                                                                                                                                                                 48   268445484

.text._ZN7arduino9USBSerialC2EbPKcttt                                                                                                                                                                                                                                                                       176   268445532

.text._ZN7arduino9USBSerial4peekEv                                                                                                                                                                                                                                                                           78   268445708

.text._ZN7arduino9USBSerial4readEv                                                                                                                                                                                                                                                                           78   268445786

.text._ZN7arduino9USBSerial9availableEv                                                                                                                                                                                                                                                                      78   268445864

.text._ZN7arduino9USBSerial5beginEm                                                                                                                                                                                                                                                                         328   268445944

.text._ZThn320_N7arduino9USBSerial5beginEm                                                                                                                                                                                                                                                                   24   268446272

.text._ZN4mstd4impl6INVOKEIN7arduino9USBSerialEFvvERKPS3_JEEENSt9enable_ifIXaaaasrSt11is_functionIT0_E5valuentsrSt10is_base_ofIT_NSt5decayIT1_E4typeEE5valuentsrNS0_20is_reference_wrapperISH_EE5valueEDTcldsdecl7forwardISF_Efp0_Efp_spcl7forwardIT2_Efp1_EEEE4typeEMSD_SA_OSF_DpOSL_                       34   268446296

.text._ZN4mstd6invokeIRKMN7arduino9USBSerialEFvvEJRKPS2_EEENS_13invoke_resultIT_JDpT0_EE4typeEOSB_DpOSC_                                                                                                                                                                                                     16   268446330

.text._ZN4mbed6detail8invoke_rIvRKMN7arduino9USBSerialEFvvEJRKPS3_ELi0EEET_OT0_DpOT1_                                                                                                                                                                                                                         8   268446346

.text._ZN4mstd4impl6INVOKEIRPFvvEJEEENSt9enable_ifIXoontsrSt17is_member_pointerINSt5decayIT_E4typeEE5valueaasrSt24is_member_object_pointerISA_E5valuenesZfp0_Li1EEDTclcl7forwardIS8_Efp_Espcl7forwardIT0_Efp0_EEEE4typeEOS8_DpOSE_                                                                            8   268446354

.text._ZN4mstd6invokeIRPFvvEJEEENS_13invoke_resultIT_JDpT0_EE4typeEOS5_DpOS6_                                                                                                                                                                                                                                 8   268446362

.text._ZN4mbed6detail8invoke_rIvRPFvvEJELi0EEET_OT0_DpOT1_                                                                                                                                                                                                                                                    8   268446370

.text._ZN4mbed8CallbackIFvvEE11target_callIPS1_EEvPKNS_6detail12CallbackBaseE                                                                                                                                                                                                                                 8   268446378

.text._ZN4mstd4impl6INVOKEIRZN4mbed8CallbackIFvvEEC4IPN7arduino9USBSerialEMS8_FvvELi0EEET_T0_EUlvE_JEEENSt9enable_ifIXoontsrSt17is_member_pointerINSt5decayISC_E4typeEE5valueaasrSt24is_member_object_pointerISK_E5valuenesZfp0_Li1EEDTclcl7forwardISC_Efp_Espcl7forwardIT0_Efp0_EEEE4typeEOSC_DpOSO_        12   268446386

.text._ZN4mstd6invokeIRZN4mbed8CallbackIFvvEEC4IPN7arduino9USBSerialEMS7_FvvELi0EEET_T0_EUlvE_JEEENS_13invoke_resultISB_JDpT0_EE4typeEOSB_DpOSG_                                                                                                                                                              8   268446398

.text._ZN4mbed6detail8invoke_rIvRZNS_8CallbackIFvvEEC4IPN7arduino9USBSerialEMS7_FvvELi0EEET_T0_EUlvE_JELi0EEESB_OSC_DpOT1_                                                                                                                                                                                    8   268446406

.text._ZN4mbed8CallbackIFvvEE11target_callIZNS2_C4IPN7arduino9USBSerialEMS6_FvvELi0EEET_T0_EUlvE_EEvPKNS_6detail12CallbackBaseE                                                                                                                                                                               8   268446414

.text._GLOBAL__sub_I__Z14usbPortChangediiii                                                                                                                                                                                                                                                                  16   268446424

.text.__cxa_pure_virtual                                                                                                                                                                                                                                                                                      6   268446440

.text._ZNK7arduino9IPAddress7printToERNS_5PrintE                                                                                                                                                                                                                                                             56   268446446

.text._ZN7arduino9IPAddressC2Ehhhh                                                                                                                                                                                                                                                                           28   268446504

.text._GLOBAL__sub_I__ZN7arduino9IPAddressC2Ev                                                                                                                                                                                                                                                               16   268446532

.text._ZN7arduino5Print5printEPKc                                                                                                                                                                                                                                                                            32   268446548

.text._ZN7arduino5Print5printEc                                                                                                                                                                                                                                                                              10   268446580

.text._ZN7arduino5Print7printlnEv                                                                                                                                                                                                                                                                            20   268446592

.text._ZN7arduino5Print7printlnEPKc                                                                                                                                                                                                                                                                          20   268446612

.text._ZN7arduino5Print7printlnEc                                                                                                                                                                                                                                                                            20   268446632

.text._ZN7arduino5Print11printNumberEmh                                                                                                                                                                                                                                                                     124   268446652

.text._ZN7arduino5Print5printEmi                                                                                                                                                                                                                                                                             24   268446776

.text._ZN7arduino5Print5printEhi                                                                                                                                                                                                                                                                              8   268446800

.text._ZN7arduino5Print5printEji                                                                                                                                                                                                                                                                              8   268446808

.text._ZN7arduino5Print10printFloatEdi                                                                                                                                                                                                                                                                      416   268446816

.text._ZN7arduino5Print5printEdi                                                                                                                                                                                                                                                                             16   268447232

.text._ZN7arduino5Print7printlnEdi                                                                                                                                                                                                                                                                           28   268447248

.text.main                                                                                                                                                                                                                                                                                                   60   268447276

.text._Z19digitalPinToPinNameh                                                                                                                                                                                                                                                                               32   268447336

.text._ZN4mbed5TimerD2Ev                                                                                                                                                                                                                                                                                     12   268447368

.text.millis                                                                                                                                                                                                                                                                                                 36   268447380

.text.micros                                                                                                                                                                                                                                                                                                 24   268447416

.text.delay                                                                                                                                                                                                                                                                                                   8   268447440

.text.init                                                                                                                                                                                                                                                                                                   24   268447448

.text._GLOBAL__sub_I_millis                                                                                                                                                                                                                                                                                  16   268447472

.text.analogRead                                                                                                                                                                                                                                                                                            172   268447488

.text._Z7pinModeh7PinMode                                                                                                                                                                                                                                                                                   132   268447660

.text.digitalWrite                                                                                                                                                                                                                                                                                           88   268447792

.text.svcRtxDelay                                                                                                                                                                                                                                                                                            48   268447880

.text.osDelay                                                                                                                                                                                                                                                                                                44   268447928

.text.svcRtxEventFlagsNew                                                                                                                                                                                                                                                                                   132   268447972

.text.svcRtxEventFlagsDelete                                                                                                                                                                                                                                                                                112   268448104

.text.EventFlagsCheck                                                                                                                                                                                                                                                                                        88   268448216

.text.osRtxEventFlagsPostProcess                                                                                                                                                                                                                                                                             50   268448304

.text.svcRtxEventFlagsWait                                                                                                                                                                                                                                                                                   96   268448356

.text.svcRtxEventFlagsSet                                                                                                                                                                                                                                                                                   128   268448452

.text.osEventFlagsNew                                                                                                                                                                                                                                                                                        44   268448580

.text.osEventFlagsSet                                                                                                                                                                                                                                                                                        84   268448624

.text.osEventFlagsWait                                                                                                                                                                                                                                                                                       72   268448708

.text.osEventFlagsDelete                                                                                                                                                                                                                                                                                     44   268448780

.text.EvrRtxKernelErrorNotify                                                                                                                                                                                                                                                                                 2   268448824

.text.EvrRtxDelayError                                                                                                                                                                                                                                                                                        2   268448826

.text.svcRtxKernelInitialize                                                                                                                                                                                                                                                                                332   268448828

.text.svcRtxKernelStart                                                                                                                                                                                                                                                                                     144   268449160

.text.osRtxKernelPreInit                                                                                                                                                                                                                                                                                      2   268449304

.text.osRtxKernelErrorNotify                                                                                                                                                                                                                                                                                 20   268449306

.text.osKernelInitialize                                                                                                                                                                                                                                                                                     48   268449328

.text.osKernelStart                                                                                                                                                                                                                                                                                          44   268449376

.text.osRtxMemoryInit                                                                                                                                                                                                                                                                                        54   268449420

.text.osRtxMemoryAlloc                                                                                                                                                                                                                                                                                      108   268449474

.text.osRtxMemoryFree                                                                                                                                                                                                                                                                                        64   268449582

.text.osRtxMemoryPoolInit                                                                                                                                                                                                                                                                                    78   268449646

.text.osRtxMemoryPoolAlloc                                                                                                                                                                                                                                                                                   36   268449724

.text.osRtxMemoryPoolFree                                                                                                                                                                                                                                                                                    50   268449760

.text.MessageQueuePut                                                                                                                                                                                                                                                                                        82   268449810

.text.MessageQueueGet                                                                                                                                                                                                                                                                                        62   268449892

.text.MessageQueueRemove                                                                                                                                                                                                                                                                                     28   268449954

.text.osRtxMessageQueuePostProcess                                                                                                                                                                                                                                                                          186   268449982

.text.svcRtxMessageQueuePut                                                                                                                                                                                                                                                                                 184   268450168

.text.svcRtxMessageQueueGet                                                                                                                                                                                                                                                                                 216   268450352

.text.svcRtxMessageQueueNew                                                                                                                                                                                                                                                                                 316   268450568

.text.osRtxMessageQueueTimerSetup                                                                                                                                                                                                                                                                            36   268450884

.text.osMessageQueuePut                                                                                                                                                                                                                                                                                     128   268450920

.text.osMessageQueueGet                                                                                                                                                                                                                                                                                     120   268451048

.text.svcRtxMutexNew                                                                                                                                                                                                                                                                                        136   268451168

.text.svcRtxMutexAcquire                                                                                                                                                                                                                                                                                    176   268451304

.text.svcRtxMutexRelease                                                                                                                                                                                                                                                                                    220   268451480

.text.svcRtxMutexDelete                                                                                                                                                                                                                                                                                     200   268451700

.text.osRtxMutexOwnerRelease                                                                                                                                                                                                                                                                                 70   268451900

.text.osRtxMutexOwnerRestore                                                                                                                                                                                                                                                                                 78   268451970

.text.osMutexNew                                                                                                                                                                                                                                                                                             44   268452048

.text.osMutexAcquire                                                                                                                                                                                                                                                                                         44   268452092

.text.osMutexRelease                                                                                                                                                                                                                                                                                         44   268452136

.text.osMutexDelete                                                                                                                                                                                                                                                                                          44   268452180

.text.SemaphoreTokenDecrement                                                                                                                                                                                                                                                                                30   268452224

.text.svcRtxSemaphoreNew                                                                                                                                                                                                                                                                                    160   268452256

.text.svcRtxSemaphoreDelete                                                                                                                                                                                                                                                                                 112   268452416

.text.osRtxSemaphorePostProcess                                                                                                                                                                                                                                                                              34   268452528

.text.svcRtxSemaphoreRelease                                                                                                                                                                                                                                                                                 94   268452562

.text.svcRtxSemaphoreAcquire                                                                                                                                                                                                                                                                                 84   268452656

.text.osSemaphoreNew                                                                                                                                                                                                                                                                                         44   268452740

.text.osSemaphoreAcquire                                                                                                                                                                                                                                                                                     76   268452784

.text.osSemaphoreRelease                                                                                                                                                                                                                                                                                    104   268452860

.text.osSemaphoreDelete                                                                                                                                                                                                                                                                                      44   268452964

.text.osRtxTick_Handler                                                                                                                                                                                                                                                                                     132   268453008

.text.osRtxPendSV_Handler                                                                                                                                                                                                                                                                                   120   268453140

.text.osRtxPostProcess                                                                                                                                                                                                                                                                                      112   268453260

.text.osRtxThreadListRoot                                                                                                                                                                                                                                                                                    12   268453372

.text.osRtxThreadDelayRemove                                                                                                                                                                                                                                                                                 72   268453384

.text.osRtxThreadBlock                                                                                                                                                                                                                                                                                       60   268453456

.text.svcRtxThreadGetId                                                                                                                                                                                                                                                                                      12   268453516

.text.osRtxThreadFree                                                                                                                                                                                                                                                                                        80   268453528

.text.osThreadExit                                                                                                                                                                                                                                                                                           28   268453608

.text.ThreadFlagsCheck                                                                                                                                                                                                                                                                                       88   268453636

.text.osRtxThreadDestroy                                                                                                                                                                                                                                                                                     44   268453724

.text.osRtxThreadListPut                                                                                                                                                                                                                                                                                     44   268453768

.text.osRtxThreadListGet                                                                                                                                                                                                                                                                                     20   268453812

.text.osRtxThreadListRemove                                                                                                                                                                                                                                                                                  22   268453832

.text.osRtxThreadListSort                                                                                                                                                                                                                                                                                    36   268453854

.text.osRtxThreadReadyPut                                                                                                                                                                                                                                                                                    20   268453892

.text.osRtxThreadDelayTick                                                                                                                                                                                                                                                                                  108   268453912

.text.osRtxThreadRegPtr                                                                                                                                                                                                                                                                                       6   268454020

.text.osRtxThreadSwitch                                                                                                                                                                                                                                                                                      16   268454028

.text.osRtxThreadDispatch                                                                                                                                                                                                                                                                                    92   268454044

.text.svcRtxThreadNew                                                                                                                                                                                                                                                                                       492   268454136

.text.osRtxThreadWaitExit                                                                                                                                                                                                                                                                                    32   268454628

.text.osRtxThreadPostProcess                                                                                                                                                                                                                                                                                 34   268454660

.text.osRtxThreadJoinWakeup                                                                                                                                                                                                                                                                                  32   268454694

.text.svcRtxThreadExit                                                                                                                                                                                                                                                                                       68   268454728

.text.svcRtxThreadTerminate                                                                                                                                                                                                                                                                                 156   268454796

.text.osRtxThreadWaitEnter                                                                                                                                                                                                                                                                                  136   268454952

.text.osRtxThreadStartup                                                                                                                                                                                                                                                                                     68   268455088

.text.osThreadNew                                                                                                                                                                                                                                                                                            44   268455156

.text.osThreadGetId                                                                                                                                                                                                                                                                                          40   268455200

.text.osThreadTerminate                                                                                                                                                                                                                                                                                      52   268455240

.text.TimerInsert                                                                                                                                                                                                                                                                                            60   268455292

.text.osRtxTimerTick                                                                                                                                                                                                                                                                                        116   268455352

.text.osRtxTimerSetup                                                                                                                                                                                                                                                                                        32   268455468

.text.osRtxTimerThread                                                                                                                                                                                                                                                                                       32   268455500

.text.OS_Tick_Setup                                                                                                                                                                                                                                                                                          80   268455532

.text.OS_Tick_Enable                                                                                                                                                                                                                                                                                         44   268455612

.text.OS_Tick_AcknowledgeIRQ                                                                                                                                                                                                                                                                                 12   268455656

.text.OS_Tick_GetIRQn                                                                                                                                                                                                                                                                                         6   268455668

.text.software_init_hook                                                                                                                                                                                                                                                                                     72   268455676

.text.mbed_toolchain_init                                                                                                                                                                                                                                                                                    88   268455748

.text.__wrap_main                                                                                                                                                                                                                                                                                             8   268455836

.text.__rtos_malloc_lock                                                                                                                                                                                                                                                                                     20   268455844

.text.__rtos_malloc_unlock                                                                                                                                                                                                                                                                                   16   268455864

.text.mbed_init                                                                                                                                                                                                                                                                                              12   268455880

.text.mbed_tfm_init                                                                                                                                                                                                                                                                                           2   268455892

.text.mbed_main                                                                                                                                                                                                                                                                                               2   268455894

.text.mbed_start                                                                                                                                                                                                                                                                                             28   268455896

.text.mbed_rtos_init                                                                                                                                                                                                                                                                                          8   268455924

.text.mbed_rtos_start                                                                                                                                                                                                                                                                                       104   268455932

.text.mbed_rtos_init_singleton_mutex                                                                                                                                                                                                                                                                         40   268456036

.text.trap_rtx_error                                                                                                                                                                                                                                                                                         52   268456076

.text.osRtxIdleThread                                                                                                                                                                                                                                                                                         6   268456128

.text.osRtxErrorNotify                                                                                                                                                                                                                                                                                      140   268456136

.text.EvrRtxKernelError                                                                                                                                                                                                                                                                                      16   268456276

.text.EvrRtxThreadError                                                                                                                                                                                                                                                                                      16   268456292

.text.EvrRtxEventFlagsError                                                                                                                                                                                                                                                                                  16   268456308

.text.EvrRtxMutexError                                                                                                                                                                                                                                                                                       16   268456324

.text.EvrRtxSemaphoreError                                                                                                                                                                                                                                                                                   20   268456340

.text.EvrRtxMessageQueueError                                                                                                                                                                                                                                                                                16   268456360

.text.EvrRtxThreadExit                                                                                                                                                                                                                                                                                       24   268456376

.text.EvrRtxThreadTerminate                                                                                                                                                                                                                                                                                  20   268456400

.text.default_idle_hook                                                                                                                                                                                                                                                                                      20   268456420

.text.rtos_idle_loop                                                                                                                                                                                                                                                                                         16   268456440

.text._ZN4mbed6detail12CallbackBase4copyERKS1_                                                                                                                                                                                                                                                               16   268456456

.text._ZN4mbed6detail12CallbackBase7destroyEv                                                                                                                                                                                                                                                                14   268456472

.text._ZNK4mbed8CallbackIFvvEE4callEv                                                                                                                                                                                                                                                                        36   268456488

.text._ZL14singleton_lockv                                                                                                                                                                                                                                                                                   48   268456524

.text._ZNK12SingletonPtrIN4rtos5MutexEE3getEv                                                                                                                                                                                                                                                                76   268456572

.text._ZN4mbed8AnalogInD2Ev                                                                                                                                                                                                                                                                                   2   268456648

.text._ZN4mbed8AnalogInD0Ev                                                                                                                                                                                                                                                                                  14   268456650

.text._ZN4mbed8AnalogIn8read_u16Ev                                                                                                                                                                                                                                                                           30   268456664

.text._ZN4mbed8AnalogIn4lockEv                                                                                                                                                                                                                                                                               20   268456696

.text._ZN4mbed8AnalogIn6unlockEv                                                                                                                                                                                                                                                                             20   268456716

.text._ZN4mbed8AnalogInC2E7PinNamef                                                                                                                                                                                                                                                                          40   268456736

.text._ZN4mbed10FileHandle4tellEv                                                                                                                                                                                                                                                                            14   268456776

.text._ZN4mbed10FileHandle6rewindEv                                                                                                                                                                                                                                                                          14   268456790

.text._ZN4mbed12DigitalInOut6outputEv                                                                                                                                                                                                                                                                        22   268456804

.text._ZN4mbed12DigitalInOut5inputEv                                                                                                                                                                                                                                                                         22   268456826

.text._ZN4mbed12DigitalInOut4modeE7PinMode                                                                                                                                                                                                                                                                   24   268456848

.text._ZN4mbed10SerialBase4lockEv                                                                                                                                                                                                                                                                             2   268456872

.text._ZN4mbed10SerialBase5_initEv                                                                                                                                                                                                                                                                          100   268456876

.text._ZN4mbed10SerialBase16set_flow_controlENS0_4FlowE7PinNameS2_                                                                                                                                                                                                                                          204   268456976

.text._ZN4mbed8CallbackIFvvEEaSERKS2_.isra.0                                                                                                                                                                                                                                                                 32   268457180

.text._ZN4mbed10SerialBaseC2E7PinNameS1_i                                                                                                                                                                                                                                                                   112   268457212

.text._ZN4mbed10SerialBase4baudEi                                                                                                                                                                                                                                                                            34   268457324

.text._ZN4mbed10SerialBase6formatEiNS0_6ParityEi                                                                                                                                                                                                                                                             40   268457358

.text._ZN4mbed10SerialBase8readableEv                                                                                                                                                                                                                                                                        56   268457398

.text._ZN4mbed10SerialBase9writeableEv                                                                                                                                                                                                                                                                       54   268457454

.text._ZN4mbed10SerialBase6attachENS_8CallbackIFvvEEENS0_7IrqTypeE                                                                                                                                                                                                                                          140   268457508

.text._ZN4mbed10SerialBaseD2Ev                                                                                                                                                                                                                                                                              104   268457648

.text._ZN4mbed10SerialBaseD0Ev                                                                                                                                                                                                                                                                               20   268457752

.text._ZN4mbed10SerialBase10_base_getcEv                                                                                                                                                                                                                                                                     10   268457772

.text._ZN4mbed10SerialBase10_base_putcEi                                                                                                                                                                                                                                                                     14   268457782

.text._ZN4mbed10SerialBase12_irq_handlerEm9SerialIrq                                                                                                                                                                                                                                                         20   268457796

.text._ZN4mbed10SerialBase12enable_inputEb                                                                                                                                                                                                                                                                  154   268457816

.text._ZN4mbed10SerialBase13enable_outputEb                                                                                                                                                                                                                                                                 154   268457970

.text._ZN4mbed9TimerBaseD2Ev                                                                                                                                                                                                                                                                                 24   268458124

.text._ZN4mbed9TimerBase5startEv                                                                                                                                                                                                                                                                             48   268458148

.text._ZNK4mbed9TimerBase9slicetimeEv                                                                                                                                                                                                                                                                        54   268458196

.text._ZNK4mbed9TimerBase12elapsed_timeEv                                                                                                                                                                                                                                                                    50   268458250

.text._ZN4mbed9TimerBase5resetEv                                                                                                                                                                                                                                                                             36   268458300

.text._ZN4mbed9TimerBaseC2EPK13ticker_data_tb                                                                                                                                                                                                                                                                36   268458336

.text._ZN4mbed5TimerC2Ev                                                                                                                                                                                                                                                                                     22   268458372

.text._ZN4mbed10FileHandle4syncEv                                                                                                                                                                                                                                                                             4   268458394

.text._ZN4mbed16UnbufferedSerial4seekEli                                                                                                                                                                                                                                                                     12   268458398

.text._ZN4mbed16UnbufferedSerial4sizeEv                                                                                                                                                                                                                                                                      12   268458410

.text._ZN4mbed16UnbufferedSerial6isattyEv                                                                                                                                                                                                                                                                     8   268458422

.text._ZN4mbed16UnbufferedSerial5closeEv                                                                                                                                                                                                                                                                      8   268458430

.text._ZNK4mbed16UnbufferedSerial4pollEs                                                                                                                                                                                                                                                                     44   268458438

.text._ZThn116_NK4mbed16UnbufferedSerial4pollEs                                                                                                                                                                                                                                                              16   268458484

.text._ZN4mbed16UnbufferedSerial12enable_inputEb                                                                                                                                                                                                                                                             10   268458500

.text._ZThn116_N4mbed16UnbufferedSerial12enable_inputEb                                                                                                                                                                                                                                                      16   268458512

.text._ZN4mbed16UnbufferedSerial13enable_outputEb                                                                                                                                                                                                                                                            10   268458528

.text._ZThn116_N4mbed16UnbufferedSerial13enable_outputEb                                                                                                                                                                                                                                                     16   268458540

.text._ZN4mbed16UnbufferedSerialD2Ev                                                                                                                                                                                                                                                                         36   268458556

.text._ZN4mbed16UnbufferedSerialD0Ev                                                                                                                                                                                                                                                                         36   268458592

.text._ZN4mbed16UnbufferedSerial5writeEPKvj                                                                                                                                                                                                                                                                  68   268458628

.text._ZThn116_N4mbed16UnbufferedSerial5writeEPKvj                                                                                                                                                                                                                                                           16   268458696

.text._ZN4mbed16UnbufferedSerial4readEPvj                                                                                                                                                                                                                                                                    38   268458712

.text._ZThn116_N4mbed16UnbufferedSerial4readEPvj                                                                                                                                                                                                                                                             16   268458752

.text._ZN4mbed16UnbufferedSerialC2E7PinNameS1_i                                                                                                                                                                                                                                                              28   268458768

.text._ZN4mbed16UnbufferedSerial16set_flow_controlENS_10SerialBase4FlowE7PinNameS3_                                                                                                                                                                                                                          38   268458796

.text._ZN7AsyncOp8completeEv                                                                                                                                                                                                                                                                                 70   268458834

.text._ZN7AsyncOpC2Ev                                                                                                                                                                                                                                                                                        24   268458904

.text._ZN7AsyncOpD2Ev                                                                                                                                                                                                                                                                                        48   268458928

.text._ZN7AsyncOp6_abortEb                                                                                                                                                                                                                                                                                   60   268458976

.text._ZN7AsyncOp10_host_lockEPN4rtos5MutexE                                                                                                                                                                                                                                                                 18   268459036

.text._ZN7AsyncOp12_host_unlockEPN4rtos5MutexE                                                                                                                                                                                                                                                               18   268459054

.text._ZN7AsyncOp4waitEPN4rtos5MutexENSt6chrono8durationImSt5ratioILx1ELx1000EEEE                                                                                                                                                                                                                           120   268459072

.text._ZN16EndpointResolverC2EPK14usb_ep_table_t                                                                                                                                                                                                                                                             14   268459192

.text._ZN16EndpointResolverD2Ev                                                                                                                                                                                                                                                                               2   268459206

.text._ZN16EndpointResolver5validEv                                                                                                                                                                                                                                                                          22   268459208

.text._ZN16EndpointResolver10next_indexE13usb_ep_type_tb                                                                                                                                                                                                                                                    102   268459230

.text._ZN16EndpointResolver18next_free_endpointEb13usb_ep_type_tm                                                                                                                                                                                                                                            68   268459332

.text._ZN16EndpointResolver11endpoint_inE13usb_ep_type_tm                                                                                                                                                                                                                                                    14   268459400

.text._ZN16EndpointResolver12endpoint_outE13usb_ep_type_tm                                                                                                                                                                                                                                                   14   268459414

.text._ZN16EndpointResolver13endpoint_ctrlEm                                                                                                                                                                                                                                                                 26   268459428

.text._ZN14LinkedListBaseC2Ev                                                                                                                                                                                                                                                                                 8   268459454

.text._ZN14LinkedListBaseD2Ev                                                                                                                                                                                                                                                                                 2   268459462

.text._ZN14LinkedListBase4headEv                                                                                                                                                                                                                                                                              4   268459464

.text._ZN14LinkedListBase7enqueueEP9LinkEntry                                                                                                                                                                                                                                                                20   268459468

.text._ZN14LinkedListBase7dequeueEv                                                                                                                                                                                                                                                                          24   268459488

.text._ZN14LinkedListBase6removeEP9LinkEntry                                                                                                                                                                                                                                                                 52   268459512

.text._ZN17OperationListBaseC2Ev                                                                                                                                                                                                                                                                             12   268459564

.text._ZN17OperationListBase5emptyEv                                                                                                                                                                                                                                                                         14   268459576

.text._ZN17OperationListBase7processEv                                                                                                                                                                                                                                                                       46   268459590

.text._ZN17OperationListBase3addEP7AsyncOp                                                                                                                                                                                                                                                                   34   268459636

.text._ZN17OperationListBase6removeEP7AsyncOp                                                                                                                                                                                                                                                                38   268459670

.text._ZN17OperationListBase10remove_allEv                                                                                                                                                                                                                                                                   26   268459708

.text._ZN17OperationListBaseD2Ev                                                                                                                                                                                                                                                                             18   268459734

.text._ZN9USBDevice14callback_resetEv                                                                                                                                                                                                                                                                         2   268459752

.text._ZN9USBDevice7suspendEb                                                                                                                                                                                                                                                                                 2   268459754

.text._ZN9USBDevice3sofEi                                                                                                                                                                                                                                                                                    10   268459756

.text._ZN9USBDevice11device_descEv                                                                                                                                                                                                                                                                           68   268459768

.text._ZN9USBDevice18string_langid_descEv                                                                                                                                                                                                                                                                     8   268459836

.text._ZN9USBDevice25string_imanufacturer_descEv                                                                                                                                                                                                                                                              8   268459844

.text._ZN9USBDevice19string_iserial_descEv                                                                                                                                                                                                                                                                    8   268459852

.text._ZN9USBDevice26string_iconfiguration_descEv                                                                                                                                                                                                                                                             8   268459860

.text._ZN9USBDevice22string_iinterface_descEv                                                                                                                                                                                                                                                                 8   268459868

.text._ZN9USBDevice20string_iproduct_descEv                                                                                                                                                                                                                                                                   8   268459876

.text._ZN9USBDevice13start_processEv                                                                                                                                                                                                                                                                         32   268459884

.text._ZN9USBDevice6unlockEv                                                                                                                                                                                                                                                                                104   268459916

.text._ZN9USBDevice13assert_lockedEv                                                                                                                                                                                                                                                                         36   268460020

.text._ZN9USBDevice4lockEv                                                                                                                                                                                                                                                                                   44   268460056

.text._ZN9USBDevice3outEh                                                                                                                                                                                                                                                                                    96   268460100

.text._ZN9USBDevice23_request_get_descriptorEv                                                                                                                                                                                                                                                              336   268460196

.text._ZN9USBDevice20_decode_setup_packetEPhPNS_14setup_packet_tE                                                                                                                                                                                                                                            58   268460532

.text._ZN9USBDevice26complete_request_xfer_doneEb                                                                                                                                                                                                                                                            80   268460592

.text._ZN9USBDevice12_control_outEv                                                                                                                                                                                                                                                                         136   268460672

.text._ZN9USBDevice7ep0_outEv                                                                                                                                                                                                                                                                                96   268460808

.text._ZN9USBDevice11_control_inEv                                                                                                                                                                                                                                                                          156   268460904

.text._ZN9USBDevice6ep0_inEv                                                                                                                                                                                                                                                                                 80   268461060

.text._ZN9USBDevice26complete_set_configurationEb                                                                                                                                                                                                                                                            80   268461140

.text._ZN9USBDevice26_request_get_configurationEv                                                                                                                                                                                                                                                            36   268461220

.text._ZN9USBDevice22_request_get_interfaceEv                                                                                                                                                                                                                                                                60   268461256

.text._ZN9USBDevice22_request_set_interfaceEv                                                                                                                                                                                                                                                                44   268461316

.text._ZN9USBDevice22complete_set_interfaceEb                                                                                                                                                                                                                                                                80   268461360

.text._ZN9USBDevice19_request_get_statusEv                                                                                                                                                                                                                                                                  144   268461440

.text._ZN9USBDevice14_control_setupEv                                                                                                                                                                                                                                                                        86   268461584

.text._ZN9USBDevice9ep0_setupEv                                                                                                                                                                                                                                                                              76   268461672

.text._ZN9USBDevice16complete_requestENS_13RequestResultEPhm                                                                                                                                                                                                                                                 92   268461748

.text._ZN9USBDevice23_control_setup_continueEv                                                                                                                                                                                                                                                              204   268461840

.text._ZN9USBDevice14_control_abortEv                                                                                                                                                                                                                                                                        32   268462044

.text._ZN9USBDevice27_complete_request_xfer_doneEv                                                                                                                                                                                                                                                          112   268462076

.text._ZN9USBDevice20_control_abort_startEv                                                                                                                                                                                                                                                                  48   268462188

.text._ZN9USBDevice23_complete_set_interfaceEv                                                                                                                                                                                                                                                               96   268462236

.text._ZN9USBDevice4initEv                                                                                                                                                                                                                                                                                   64   268462332

.text._ZN9USBDevice10configuredEv                                                                                                                                                                                                                                                                            36   268462396

.text._ZN9USBDevice7connectEv                                                                                                                                                                                                                                                                                56   268462432

.text._ZN9USBDevice12endpoint_addEhm13usb_ep_type_tN4mbed8CallbackIFvvEEE                                                                                                                                                                                                                                   256   268462488

.text._ZN9USBDevice14endpoint_tableEv                                                                                                                                                                                                                                                                        16   268462744

.text._ZN9USBDeviceC2EP6USBPhyttt                                                                                                                                                                                                                                                                           140   268462760

.text._ZN9USBDevice24endpoint_max_packet_sizeEh                                                                                                                                                                                                                                                              56   268462900

.text._ZN9USBDevice14endpoint_abortEh                                                                                                                                                                                                                                                                       140   268462956

.text._ZN9USBDevice14endpoint_stallEh                                                                                                                                                                                                                                                                       152   268463096

.text._ZN9USBDevice20_request_set_featureEv                                                                                                                                                                                                                                                                  88   268463248

.text._ZN9USBDevice16endpoint_unstallEh                                                                                                                                                                                                                                                                     164   268463336

.text._ZN9USBDevice22_request_clear_featureEv                                                                                                                                                                                                                                                                88   268463500

.text._ZN9USBDevice10read_startEhPhm                                                                                                                                                                                                                                                                        192   268463588

.text._ZN9USBDevice11read_finishEh                                                                                                                                                                                                                                                                          132   268463780

.text._ZN9USBDevice11write_startEhPhm                                                                                                                                                                                                                                                                       208   268463912

.text._ZN9USBDevice12write_finishEh                                                                                                                                                                                                                                                                         120   268464120

.text._ZN9USBDevice13_change_stateENS_11DeviceStateE                                                                                                                                                                                                                                                        116   268464240

.text._ZN9USBDevice20_request_set_addressEv                                                                                                                                                                                                                                                                  48   268464356

.text._ZN9USBDevice26_request_set_configurationEv                                                                                                                                                                                                                                                            76   268464404

.text._ZN9USBDevice14_request_setupEv                                                                                                                                                                                                                                                                       128   268464480

.text._ZN9USBDevice17_complete_requestEv                                                                                                                                                                                                                                                                    152   268464608

.text._ZN9USBDevice5resetEv                                                                                                                                                                                                                                                                                  44   268464760

.text._ZN9USBDevice10disconnectEv                                                                                                                                                                                                                                                                            84   268464804

.text._ZN9USBDevice6deinitEv                                                                                                                                                                                                                                                                                 52   268464888

.text._ZN9USBDeviceD2Ev                                                                                                                                                                                                                                                                                      76   268464940

.text._ZN9USBDevice5powerEb                                                                                                                                                                                                                                                                                  36   268465016

.text._ZN9USBDevice27_complete_set_configurationEv                                                                                                                                                                                                                                                          132   268465052

.text.hal_critical_section_enter                                                                                                                                                                                                                                                                             40   268465184

.text.hal_critical_section_exit                                                                                                                                                                                                                                                                              56   268465224

.text.hal_in_critical_section                                                                                                                                                                                                                                                                                12   268465280

.text._gpio_init_in                                                                                                                                                                                                                                                                                          34   268465292

.text._gpio_init_out                                                                                                                                                                                                                                                                                         44   268465326

.text.gpio_init_in                                                                                                                                                                                                                                                                                           10   268465370

.text.gpio_init_out_ex                                                                                                                                                                                                                                                                                       12   268465380

.text.gpio_init_out                                                                                                                                                                                                                                                                                          10   268465392

.text.gpio_init_inout                                                                                                                                                                                                                                                                                        44   268465402

.text.pinmap_find_peripheral                                                                                                                                                                                                                                                                                 24   268465446

.text.pinmap_peripheral                                                                                                                                                                                                                                                                                      40   268465472

.text.pinmap_find_function                                                                                                                                                                                                                                                                                   24   268465512

.text.update_present_time                                                                                                                                                                                                                                                                                   162   268465536

.text._ticker_match_interval_passed                                                                                                                                                                                                                                                                          32   268465698

.text.schedule_interrupt                                                                                                                                                                                                                                                                                    268   268465732

.text.initialize                                                                                                                                                                                                                                                                                            308   268466000

.text.ticker_irq_handler                                                                                                                                                                                                                                                                                    104   268466308

.text.ticker_read_us                                                                                                                                                                                                                                                                                         34   268466412

.text.ticker_read                                                                                                                                                                                                                                                                                             8   268466446

.text.note_us_ticker_free                                                                                                                                                                                                                                                                                    20   268466456

.text.note_us_ticker_init                                                                                                                                                                                                                                                                                    20   268466476

.text.get_us_ticker_data                                                                                                                                                                                                                                                                                      8   268466496

.text.us_ticker_irq_handler                                                                                                                                                                                                                                                                                  24   268466504

.text.serial_init_direct                                                                                                                                                                                                                                                                                     16   268466528

.text._ZN4mbed19CriticalSectionLockC2Ev                                                                                                                                                                                                                                                                      12   268466544

.text._ZN4mbed19CriticalSectionLockD2Ev                                                                                                                                                                                                                                                                      12   268466556

.text._ZN4mbed8FileBase11getPathTypeEv                                                                                                                                                                                                                                                                        4   268466568

.text._ZN4mbed8FileBaseC2EPKcNS_8PathTypeE                                                                                                                                                                                                                                                                   76   268466572

.text._ZN4mbed8FileBaseD2Ev                                                                                                                                                                                                                                                                                 108   268466648

.text._ZN4mbed8FileBaseD0Ev                                                                                                                                                                                                                                                                                  20   268466756

.text._ZN4mbed8FileBase6lookupEPKcj                                                                                                                                                                                                                                                                         124   268466776

.text._ZN4mbed10FileHandle6isattyEv                                                                                                                                                                                                                                                                           4   268466900

.text._ZN4mbed10FileHandle4sizeEv                                                                                                                                                                                                                                                                            50   268466904

.text._ZN4mbed8FilePathC2EPKc                                                                                                                                                                                                                                                                                84   268466956

.text._ZN4mbed8FilePath8fileNameEv                                                                                                                                                                                                                                                                            4   268467040

.text._ZN4mbed8FilePath12isFileSystemEv                                                                                                                                                                                                                                                                      22   268467044

.text._ZN4mbed8FilePath10fileSystemEv                                                                                                                                                                                                                                                                        26   268467066

.text._ZN4mbed8FilePath6isFileEv                                                                                                                                                                                                                                                                             20   268467092

.text._ZN4mbed8FilePath4fileEv                                                                                                                                                                                                                                                                               26   268467112

.text._ZN4mbed8FilePath6existsEv                                                                                                                                                                                                                                                                             10   268467138

.text._ZN4mbed6Stream5closeEv                                                                                                                                                                                                                                                                                 4   268467148

.text._ZN4mbed6Stream5writeEPKvj                                                                                                                                                                                                                                                                             58   268467152

.text._ZN4mbed6Stream4readEPvj                                                                                                                                                                                                                                                                               50   268467210

.text._ZN4mbed6Stream4seekEli                                                                                                                                                                                                                                                                                 4   268467260

.text._ZN4mbed6Stream6rewindEv                                                                                                                                                                                                                                                                                2   268467264

.text._ZN4mbed6StreamC2EPKc                                                                                                                                                                                                                                                                                  88   268467268

.text._ZN4mbed6StreamD2Ev                                                                                                                                                                                                                                                                                    52   268467356

.text.print_context_info                                                                                                                                                                                                                                                                                    156   268467408

.text.mbed_fault_handler                                                                                                                                                                                                                                                                                    164   268467564

.text.__wrap__realloc_r                                                                                                                                                                                                                                                                                      84   268467728

.text.__wrap__calloc_r                                                                                                                                                                                                                                                                                       54   268467812

.text.malloc_wrapper                                                                                                                                                                                                                                                                                        156   268467868

.text.__wrap__malloc_r                                                                                                                                                                                                                                                                                       10   268468024

.text.free_wrapper                                                                                                                                                                                                                                                                                          148   268468036

.text.__wrap__free_r                                                                                                                                                                                                                                                                                         10   268468184

.text.mbed_assert_internal                                                                                                                                                                                                                                                                                   20   268468196

.text.core_util_atomic_flag_test_and_set                                                                                                                                                                                                                                                                     28   268468216

.text.core_util_atomic_exchange_u8                                                                                                                                                                                                                                                                           24   268468244

.text.mbed_die                                                                                                                                                                                                                                                                                              100   268468268

.text.mbed_error_puts                                                                                                                                                                                                                                                                                        72   268468368

.text.mbed_error_vprintf                                                                                                                                                                                                                                                                                     52   268468440

.text.mbed_error_printf                                                                                                                                                                                                                                                                                      22   268468492

.text.core_util_are_interrupts_enabled                                                                                                                                                                                                                                                                       10   268468514

.text.core_util_is_isr_active                                                                                                                                                                                                                                                                                12   268468524

.text.core_util_in_critical_section                                                                                                                                                                                                                                                                           8   268468536

.text.core_util_critical_section_enter                                                                                                                                                                                                                                                                       44   268468544

.text.core_util_critical_section_exit                                                                                                                                                                                                                                                                        28   268468588

.text.mbed_halt_system                                                                                                                                                                                                                                                                                       56   268468616

.text.print_error_report.constprop.0                                                                                                                                                                                                                                                                        384   268468672

.text.mbed_error_hook                                                                                                                                                                                                                                                                                         2   268469056

.text.handle_error.constprop.0                                                                                                                                                                                                                                                                              184   268469060

.text.mbed_error_initialize                                                                                                                                                                                                                                                                                   4   268469244

.text.mbed_get_error_in_progress                                                                                                                                                                                                                                                                             12   268469248

.text.mbed_error                                                                                                                                                                                                                                                                                             52   268469260

.text.mbed_mem_trace_malloc                                                                                                                                                                                                                                                                                  40   268469312

.text.mbed_mem_trace_realloc                                                                                                                                                                                                                                                                                 48   268469352

.text.mbed_mem_trace_calloc                                                                                                                                                                                                                                                                                  48   268469400

.text.mbed_mem_trace_free                                                                                                                                                                                                                                                                                    40   268469448

.text.mbed_mem_trace_lock                                                                                                                                                                                                                                                                                    32   268469488

.text.mbed_mem_trace_unlock                                                                                                                                                                                                                                                                                  32   268469520

.text.sleep_manager_lock_deep_sleep_internal                                                                                                                                                                                                                                                                  2   268469552

.text.sleep_manager_unlock_deep_sleep_internal                                                                                                                                                                                                                                                                2   268469554

.text._ZN12DirectSerial4seekEli                                                                                                                                                                                                                                                                               6   268469556

.text._ZN12DirectSerial4sizeEv                                                                                                                                                                                                                                                                                6   268469562

.text._ZN12DirectSerial6isattyEv                                                                                                                                                                                                                                                                              4   268469568

.text._ZN12DirectSerial5closeEv                                                                                                                                                                                                                                                                               4   268469572

.text._ZN12DirectSerialD2Ev                                                                                                                                                                                                                                                                                   2   268469576

.text._ZL16singleton_unlockv                                                                                                                                                                                                                                                                                 20   268469580

.text._ZN12DirectSerial5writeEPKvj                                                                                                                                                                                                                                                                           32   268469600

.text._ZNK12DirectSerial4pollEs                                                                                                                                                                                                                                                                              48   268469632

.text._ZN12DirectSerial4readEPvj                                                                                                                                                                                                                                                                             28   268469680

.text._ZN12DirectSerialC2ERK15serial_pinmap_ti                                                                                                                                                                                                                                                               52   268469708

.text._ZN4mbed28mbed_target_override_consoleEi                                                                                                                                                                                                                                                                4   268469760

.text._ZN4mbed21mbed_override_consoleEi                                                                                                                                                                                                                                                                       4   268469764

.text._sbrk                                                                                                                                                                                                                                                                                                  44   268469768

.text._exit                                                                                                                                                                                                                                                                                                  12   268469812

.text.__aeabi_atexit                                                                                                                                                                                                                                                                                          4   268469824

.text.__wrap_exit                                                                                                                                                                                                                                                                                             6   268469828

.text.__wrap_atexit                                                                                                                                                                                                                                                                                           4   268469834

.text._ZN4mbed26mbed_set_unbuffered_streamEP7__sFILE                                                                                                                                                                                                                                                         10   268469838

.text.__malloc_lock                                                                                                                                                                                                                                                                                           8   268469848

.text.__malloc_unlock                                                                                                                                                                                                                                                                                         8   268469856

.text.__cxa_guard_acquire                                                                                                                                                                                                                                                                                    68   268469864

.text.__cxa_guard_release                                                                                                                                                                                                                                                                                    52   268469932

.text._ZN4mbed16mbed_file_handleEi                                                                                                                                                                                                                                                                          116   268469984

.text.close                                                                                                                                                                                                                                                                                                  64   268470100

.text._close                                                                                                                                                                                                                                                                                                  8   268470164

.text.write                                                                                                                                                                                                                                                                                                  54   268470172

.text.read                                                                                                                                                                                                                                                                                                   54   268470226

.text.isatty                                                                                                                                                                                                                                                                                                 44   268470280

.text.fdopen                                                                                                                                                                                                                                                                                                 60   268470324

.text._write                                                                                                                                                                                                                                                                                                216   268470384

.text._isatty                                                                                                                                                                                                                                                                                                 8   268470600

.text._read                                                                                                                                                                                                                                                                                                 156   268470608

.text.lseek                                                                                                                                                                                                                                                                                                  54   268470764

.text._lseek                                                                                                                                                                                                                                                                                                  8   268470818

.text.fstat                                                                                                                                                                                                                                                                                                  68   268470828

.text._fstat                                                                                                                                                                                                                                                                                                  8   268470896

.text._Znwj                                                                                                                                                                                                                                                                                                  48   268470904

.text._ZnwjRKSt9nothrow_t                                                                                                                                                                                                                                                                                    20   268470952

.text._ZnajRKSt9nothrow_t                                                                                                                                                                                                                                                                                     8   268470972

.text._ZdlPv                                                                                                                                                                                                                                                                                                 20   268470980

.text._ZdlPvj                                                                                                                                                                                                                                                                                                20   268471000

.text._ZN12DirectSerialD0Ev                                                                                                                                                                                                                                                                                  14   268471020

.text._ZdaPv                                                                                                                                                                                                                                                                                                  8   268471034

.text._ZN4mbed17remove_filehandleEPNS_10FileHandleE                                                                                                                                                                                                                                                          60   268471044

.text._ZL18reserve_filehandlev                                                                                                                                                                                                                                                                               84   268471104

.text._ZN4mbed10bind_to_fdEPNS_10FileHandleE                                                                                                                                                                                                                                                                 44   268471188

.text._ZN4mbed6fdopenEPNS_10FileHandleEPKc                                                                                                                                                                                                                                                                   60   268471232

.text.open                                                                                                                                                                                                                                                                                                  168   268471292

.text._open                                                                                                                                                                                                                                                                                                 120   268471460

.text.mbed_stats_sys_get                                                                                                                                                                                                                                                                                     80   268471580

.text.wait_us                                                                                                                                                                                                                                                                                                30   268471660

.text._ZN4rtos10EventFlags11constructorEPKc                                                                                                                                                                                                                                                                  52   268471692

.text._ZN4rtos10EventFlagsC2Ev                                                                                                                                                                                                                                                                               20   268471744

.text._ZN4rtos10EventFlags3setEm                                                                                                                                                                                                                                                                             10   268471764

.text._ZN4rtos10EventFlagsD2Ev                                                                                                                                                                                                                                                                               14   268471774

.text._ZN4rtos10EventFlags8wait_forEmmNSt6chrono8durationImSt5ratioILx1ELx1000EEEEb                                                                                                                                                                                                                          22   268471788

.text._ZN4rtos10EventFlags12wait_any_forEmNSt6chrono8durationImSt5ratioILx1ELx1000EEEEb                                                                                                                                                                                                                      14   268471810

.text._ZN4rtos10EventFlags8wait_anyEmmb                                                                                                                                                                                                                                                                       8   268471824

.text._ZN4rtos5Mutex11constructorEPKc                                                                                                                                                                                                                                                                        72   268471832

.text._ZN4rtos5MutexC2Ev                                                                                                                                                                                                                                                                                     14   268471904

.text._ZN4rtos5Mutex4lockEv                                                                                                                                                                                                                                                                                  56   268471920

.text._ZN4rtos5Mutex6unlockEv                                                                                                                                                                                                                                                                                48   268471976

.text._ZN4rtos5MutexD2Ev                                                                                                                                                                                                                                                                                     14   268472024

.text._ZN4rtos9Semaphore11constructorElt                                                                                                                                                                                                                                                                     64   268472040

.text._ZN4rtos9SemaphoreC2El                                                                                                                                                                                                                                                                                 20   268472104

.text._ZN4rtos9Semaphore15try_acquire_forENSt6chrono8durationImSt5ratioILx1ELx1000EEEE                                                                                                                                                                                                                       60   268472124

.text._ZN4rtos9Semaphore7releaseEv                                                                                                                                                                                                                                                                           10   268472184

.text._ZN4rtos9SemaphoreD2Ev                                                                                                                                                                                                                                                                                 14   268472194

.text._ZN4rtos10ThisThread9sleep_forENSt6chrono8durationImSt5ratioILx1ELx1000EEEE                                                                                                                                                                                                                            36   268472208

.text._ZN4rtos6Thread6_thunkEPv                                                                                                                                                                                                                                                                              68   268472244

.text._ZN4rtos6Thread11constructorEm12osPriority_tmPhPKc                                                                                                                                                                                                                                                    104   268472312

.text._ZN4rtos6Thread11constructorE12osPriority_tmPhPKc                                                                                                                                                                                                                                                      20   268472416

.text._ZN4rtos6Thread5startEN4mbed8CallbackIFvvEEE                                                                                                                                                                                                                                                          236   268472436

.text._ZN4rtos6Thread9terminateEv                                                                                                                                                                                                                                                                            66   268472672

.text._ZN4rtos6ThreadD2Ev                                                                                                                                                                                                                                                                                    68   268472740

.text._ZN4rtos6ThreadD0Ev                                                                                                                                                                                                                                                                                    20   268472808

.text._ZN8USBPhyHwD2Ev                                                                                                                                                                                                                                                                                        2   268472828

.text._ZN8USBPhyHw7poweredEv                                                                                                                                                                                                                                                                                  4   268472830

.text._ZN8USBPhyHw7connectEv                                                                                                                                                                                                                                                                                 36   268472836

.text._ZN8USBPhyHw9configureEv                                                                                                                                                                                                                                                                                2   268472872

.text._ZN8USBPhyHw10sof_enableEv                                                                                                                                                                                                                                                                             16   268472876

.text._ZN8USBPhyHw11sof_disableEv                                                                                                                                                                                                                                                                            16   268472892

.text._ZN8USBPhyHw11set_addressEh                                                                                                                                                                                                                                                                             4   268472908

.text._ZN8USBPhyHw13remote_wakeupEv                                                                                                                                                                                                                                                                          16   268472912

.text._ZN8USBPhyHw14endpoint_tableEv                                                                                                                                                                                                                                                                          8   268472928

.text._ZN8USBPhyHw18ep0_set_max_packetEm                                                                                                                                                                                                                                                                      4   268472936

.text._ZN8USBPhyHw8ep0_readEPhm                                                                                                                                                                                                                                                                              44   268472940

.text._ZN8USBPhyHw9ep0_stallEv                                                                                                                                                                                                                                                                               32   268472984

.text._ZN8USBPhyHw12endpoint_addEhm13usb_ep_type_t                                                                                                                                                                                                                                                          124   268473016

.text._ZN8USBPhyHw15endpoint_removeEh                                                                                                                                                                                                                                                                         2   268473140

.text._ZN8USBPhyHw14endpoint_stallEh                                                                                                                                                                                                                                                                         28   268473144

.text._ZN8USBPhyHw16endpoint_unstallEh                                                                                                                                                                                                                                                                       28   268473172

.text._ZN8USBPhyHw13endpoint_readEhPhm                                                                                                                                                                                                                                                                       64   268473200

.text._ZN8USBPhyHwD0Ev                                                                                                                                                                                                                                                                                       16   268473264

.text._ZN8USBPhyHw10disconnectEv                                                                                                                                                                                                                                                                             36   268473280

.text._ZN8USBPhyHw21ep0_setup_read_resultEPhm                                                                                                                                                                                                                                                                24   268473316

.text._ZN8USBPhyHw15ep0_read_resultEv                                                                                                                                                                                                                                                                        44   268473340

.text._ZN8USBPhyHw9ep0_writeEPhm                                                                                                                                                                                                                                                                             64   268473384

.text._ZN8USBPhyHw20endpoint_read_resultEh                                                                                                                                                                                                                                                                   60   268473448

.text._ZN8USBPhyHw14endpoint_writeEhPhm                                                                                                                                                                                                                                                                      92   268473508

.text._ZN8USBPhyHw4initEP12USBPhyEvents                                                                                                                                                                                                                                                                     128   268473600

.text._ZN8USBPhyHw7processEv                                                                                                                                                                                                                                                                                332   268473728

.text._ZN8USBPhyHw6deinitEv                                                                                                                                                                                                                                                                                  28   268474060

.text._ZN8USBPhyHw7_usbisrEv                                                                                                                                                                                                                                                                                 40   268474088

.text._Z11get_usb_phyv                                                                                                                                                                                                                                                                                       68   268474128

.text.analogin_init                                                                                                                                                                                                                                                                                         116   268474196

.text.analogin_read_u16                                                                                                                                                                                                                                                                                      56   268474312

.text.gpio_write                                                                                                                                                                                                                                                                                             24   268474368

.text.gpio_read                                                                                                                                                                                                                                                                                              20   268474392

.text.gpio_init                                                                                                                                                                                                                                                                                              16   268474412

.text.gpio_mode                                                                                                                                                                                                                                                                                              52   268474428

.text.gpio_dir                                                                                                                                                                                                                                                                                               60   268474480

.text.mbed_sdk_init                                                                                                                                                                                                                                                                                          20   268474540

.text.lock_init                                                                                                                                                                                                                                                                                              44   268474560

.text.mutex_init                                                                                                                                                                                                                                                                                             26   268474604

.text.alarm_pool_init_default                                                                                                                                                                                                                                                                                 2   268474630

.text.adc_init                                                                                                                                                                                                                                                                                               52   268474632

.text.hw_claim_lock                                                                                                                                                                                                                                                                                          24   268474684

.text.hw_claim_unlock                                                                                                                                                                                                                                                                                        20   268474708

.text.hw_claim_or_assert                                                                                                                                                                                                                                                                                     52   268474728

.text.hw_claim_clear                                                                                                                                                                                                                                                                                         68   268474780

.text.clock_configure                                                                                                                                                                                                                                                                                       212   268474848

.text.clocks_init                                                                                                                                                                                                                                                                                           276   268475060

.text.clock_get_hz                                                                                                                                                                                                                                                                                           12   268475336

.text.flash_get_unique_id                                                                                                                                                                                                                                                                                    80   268475352

.text.gpio_set_function                                                                                                                                                                                                                                                                                      44   268475432

.text.gpio_get_function                                                                                                                                                                                                                                                                                      20   268475476

.text.gpio_set_pulls                                                                                                                                                                                                                                                                                         36   268475496

.text.gpio_set_inover                                                                                                                                                                                                                                                                                        32   268475532

.text.gpio_set_oeover                                                                                                                                                                                                                                                                                        32   268475564

.text.gpio_set_input_enabled                                                                                                                                                                                                                                                                                 28   268475596

.text._gpio_init                                                                                                                                                                                                                                                                                             22   268475624

.text.set_raw_irq_handler_and_unlock                                                                                                                                                                                                                                                                         40   268475648

.text.resolve_branch                                                                                                                                                                                                                                                                                         44   268475688

.text.make_branch                                                                                                                                                                                                                                                                                            48   268475732

.text.spin_lock_blocking.constprop.0                                                                                                                                                                                                                                                                         48   268475780

.text.irq_is_enabled                                                                                                                                                                                                                                                                                         24   268475828

.text.irq_set_mask_enabled                                                                                                                                                                                                                                                                                   32   268475852

.text.irq_set_enabled                                                                                                                                                                                                                                                                                        14   268475884

.text.irq_get_vtable_handler                                                                                                                                                                                                                                                                                 16   268475900

.text.irq_set_exclusive_handler                                                                                                                                                                                                                                                                              68   268475916

.text.irq_remove_handler                                                                                                                                                                                                                                                                                    380   268475984

.text.irq_set_priority                                                                                                                                                                                                                                                                                       36   268476364

.text.irq_add_tail_to_free_list                                                                                                                                                                                                                                                                             200   268476400

.text.irq_init_priorities                                                                                                                                                                                                                                                                                    20   268476600

.text.pll_init                                                                                                                                                                                                                                                                                              188   268476620

.text.spin_locks_reset                                                                                                                                                                                                                                                                                       28   268476808

.text.next_striped_spin_lock_num                                                                                                                                                                                                                                                                             24   268476836

.text.hardware_alarm_irq_handler                                                                                                                                                                                                                                                                            132   268476860

.text.hardware_alarm_claim                                                                                                                                                                                                                                                                                   24   268476992

.text.hardware_alarm_unclaim                                                                                                                                                                                                                                                                                 20   268477016

.text.time_us_64                                                                                                                                                                                                                                                                                             20   268477036

.text.busy_wait_until                                                                                                                                                                                                                                                                                        28   268477056

.text.busy_wait_us                                                                                                                                                                                                                                                                                           44   268477084

.text.hardware_alarm_set_callback                                                                                                                                                                                                                                                                           136   268477128

.text.hardware_alarm_set_target                                                                                                                                                                                                                                                                             196   268477264

.text.hardware_alarm_cancel                                                                                                                                                                                                                                                                                  56   268477460

.text.uart_deinit                                                                                                                                                                                                                                                                                            32   268477516

.text.uart_set_baudrate                                                                                                                                                                                                                                                                                      92   268477548

.text.uart_init                                                                                                                                                                                                                                                                                             120   268477640

.text.watchdog_start_tick                                                                                                                                                                                                                                                                                    16   268477760

.text.xosc_init                                                                                                                                                                                                                                                                                              40   268477776

.text.rom_func_lookup                                                                                                                                                                                                                                                                                        16   268477816

.text.rom_funcs_lookup                                                                                                                                                                                                                                                                                       38   268477832

.text.hw_enumeration_fix_finish                                                                                                                                                                                                                                                                              64   268477872

.text.hw_enumeration_fix_force_ls_j                                                                                                                                                                                                                                                                         184   268477936

.text.rp2040_usb_device_enumeration_fix                                                                                                                                                                                                                                                                      24   268478120

.text.running_on_fpga                                                                                                                                                                                                                                                                                        16   268478144

.text.runtime_init                                                                                                                                                                                                                                                                                          180   268478160

.text.__assert_func                                                                                                                                                                                                                                                                                          48   268478340

.text.panic                                                                                                                                                                                                                                                                                                  44   268478388

.text.uart0_irq                                                                                                                                                                                                                                                                                              24   268478432

.text.uart1_irq                                                                                                                                                                                                                                                                                              24   268478456

.text.serial_init                                                                                                                                                                                                                                                                                           196   268478480

.text.serial_free                                                                                                                                                                                                                                                                                            10   268478676

.text.serial_baud                                                                                                                                                                                                                                                                                            32   268478686

.text.serial_format                                                                                                                                                                                                                                                                                          92   268478720

.text.serial_irq_handler                                                                                                                                                                                                                                                                                     36   268478812

.text.serial_irq_set                                                                                                                                                                                                                                                                                        140   268478848

.text.serial_getc                                                                                                                                                                                                                                                                                            16   268478988

.text.serial_putc                                                                                                                                                                                                                                                                                            16   268479004

.text.serial_readable                                                                                                                                                                                                                                                                                        12   268479020

.text.serial_writable                                                                                                                                                                                                                                                                                        10   268479032

.text.serial_set_flow_control                                                                                                                                                                                                                                                                                92   268479042

.text.us_ticker_irq_handler_internal                                                                                                                                                                                                                                                                         12   268479134

.text.us_ticker_get_info                                                                                                                                                                                                                                                                                      8   268479148

.text.us_ticker_init                                                                                                                                                                                                                                                                                         24   268479156

.text.us_ticker_read                                                                                                                                                                                                                                                                                         12   268479180

.text.us_ticker_set_interrupt                                                                                                                                                                                                                                                                                84   268479192

.text.us_ticker_fire_interrupt                                                                                                                                                                                                                                                                                8   268479276

.text.us_ticker_disable_interrupt                                                                                                                                                                                                                                                                            10   268479284

.text.us_ticker_clear_interrupt                                                                                                                                                                                                                                                                               8   268479294

.text.us_ticker_free                                                                                                                                                                                                                                                                                         10   268479302

.text.__muldi3                                                                                                                                                                                                                                                                                               80   268479312

.text.__fixunsdfsi                                                                                                                                                                                                                                                                                           60   268479392

.text.__udivmoddi4                                                                                                                                                                                                                                                                                          408   268479452

.text.__gnu_ldivmod_helper                                                                                                                                                                                                                                                                                   60   268479860

.text.__aeabi_fadd                                                                                                                                                                                                                                                                                          824   268479920

.text.__aeabi_fdiv                                                                                                                                                                                                                                                                                          536   268480744

.text.__eqsf2                                                                                                                                                                                                                                                                                                80   268481280

.text.__gesf2                                                                                                                                                                                                                                                                                               152   268481360

.text.__lesf2                                                                                                                                                                                                                                                                                               148   268481512

.text.__aeabi_fmul                                                                                                                                                                                                                                                                                          564   268481660

.text.__aeabi_fsub                                                                                                                                                                                                                                                                                          912   268482224

.text.__aeabi_fcmpun                                                                                                                                                                                                                                                                                         44   268483136

.text.__aeabi_i2f                                                                                                                                                                                                                                                                                           140   268483180

.text.__aeabi_dadd                                                                                                                                                                                                                                                                                         1748   268483320

.text.__aeabi_ddiv                                                                                                                                                                                                                                                                                         1488   268485068

.text.__eqdf2                                                                                                                                                                                                                                                                                               120   268486556

.text.__gedf2                                                                                                                                                                                                                                                                                               228   268486676

.text.__ledf2                                                                                                                                                                                                                                                                                               224   268486904

.text.__aeabi_dmul                                                                                                                                                                                                                                                                                         1240   268487128

.text.__aeabi_dsub                                                                                                                                                                                                                                                                                         1828   268488368

.text.__aeabi_dcmpun                                                                                                                                                                                                                                                                                         60   268490196

.text.__aeabi_d2iz                                                                                                                                                                                                                                                                                          108   268490256

.text.__aeabi_i2d                                                                                                                                                                                                                                                                                            96   268490364

.text.__aeabi_ui2d                                                                                                                                                                                                                                                                                           76   268490460

.text.__aeabi_f2d                                                                                                                                                                                                                                                                                           144   268490536

.text.__aeabi_d2f                                                                                                                                                                                                                                                                                           272   268490680

.text.__divdi3                                                                                                                                                                                                                                                                                              460   268490952

.text.cos                                                                                                                                                                                                                                                                                                   160   268491412

.text.scalbn                                                                                                                                                                                                                                                                                                248   268491572

.text.sin                                                                                                                                                                                                                                                                                                   164   268491820

.text.sqrtf                                                                                                                                                                                                                                                                                                 172   268491984

.text.__ieee754_rem_pio2                                                                                                                                                                                                                                                                                   1024   268492156

.text.__ieee754_sqrtf                                                                                                                                                                                                                                                                                       176   268493180

.text.__kernel_cos                                                                                                                                                                                                                                                                                          560   268493356

.text.__kernel_rem_pio2                                                                                                                                                                                                                                                                                    2244   268493916

.text.__kernel_sin                                                                                                                                                                                                                                                                                          368   268496160

.text.fabs                                                                                                                                                                                                                                                                                                    8   268496528

.text.floor                                                                                                                                                                                                                                                                                                 296   268496536

.text.matherr                                                                                                                                                                                                                                                                                                 4   268496832

.text.abort                                                                                                                                                                                                                                                                                                  14   268496836

.text.__errno                                                                                                                                                                                                                                                                                                12   268496852

.text._fclose_r                                                                                                                                                                                                                                                                                             232   268496864

.text.fclose                                                                                                                                                                                                                                                                                                 20   268497096

.text.__sflush_r                                                                                                                                                                                                                                                                                            280   268497116

.text._fflush_r                                                                                                                                                                                                                                                                                             128   268497396

.text.std                                                                                                                                                                                                                                                                                                    72   268497524

.text._cleanup_r                                                                                                                                                                                                                                                                                             16   268497596

.text.__sfmoreglue                                                                                                                                                                                                                                                                                           44   268497612

.text.__sfp_lock_acquire                                                                                                                                                                                                                                                                                     16   268497656

.text.__sfp_lock_release                                                                                                                                                                                                                                                                                     16   268497672

.text.__sinit_lock_acquire                                                                                                                                                                                                                                                                                   16   268497688

.text.__sinit_lock_release                                                                                                                                                                                                                                                                                   16   268497704

.text.__sinit                                                                                                                                                                                                                                                                                               112   268497720

.text.__sfp                                                                                                                                                                                                                                                                                                 144   268497832

.text._fopen_r                                                                                                                                                                                                                                                                                              164   268497976

.text.fopen                                                                                                                                                                                                                                                                                                  20   268498140

.text._fseek_r                                                                                                                                                                                                                                                                                                8   268498160

.text._fseeko_r                                                                                                                                                                                                                                                                                             396   268498168

.text._fwalk_reent                                                                                                                                                                                                                                                                                           64   268498564

.text.__libc_init_array                                                                                                                                                                                                                                                                                      72   268498628

.text.__retarget_lock_init_recursive                                                                                                                                                                                                                                                                          2   268498700

.text.__retarget_lock_close_recursive                                                                                                                                                                                                                                                                         2   268498702

.text.__retarget_lock_acquire_recursive                                                                                                                                                                                                                                                                       2   268498704

.text.__retarget_lock_release_recursive                                                                                                                                                                                                                                                                       2   268498706

.text.__swhatbuf_r                                                                                                                                                                                                                                                                                           80   268498708

.text.__smakebuf_r                                                                                                                                                                                                                                                                                          136   268498788

.text.malloc                                                                                                                                                                                                                                                                                                 20   268498924

.text.free                                                                                                                                                                                                                                                                                                   20   268498944

.text.memchr                                                                                                                                                                                                                                                                                                 22   268498964

.text.memcmp                                                                                                                                                                                                                                                                                                 28   268498986

.text.memcpy                                                                                                                                                                                                                                                                                                 18   268499014

.text.memmove                                                                                                                                                                                                                                                                                                38   268499032

.text.memset                                                                                                                                                                                                                                                                                                 16   268499070

.text._free_r                                                                                                                                                                                                                                                                                               148   268499088

.text._malloc_r                                                                                                                                                                                                                                                                                             188   268499236

.text.__sfputc_r                                                                                                                                                                                                                                                                                             42   268499424

.text.__sfputs_r                                                                                                                                                                                                                                                                                             36   268499466

.text._vfprintf_r                                                                                                                                                                                                                                                                                           628   268499504

.text.__cvt                                                                                                                                                                                                                                                                                                 198   268500132

.text.__exponent                                                                                                                                                                                                                                                                                            142   268500330

.text._printf_float                                                                                                                                                                                                                                                                                        1180   268500472

.text._printf_common                                                                                                                                                                                                                                                                                        222   268501652

.text._printf_i                                                                                                                                                                                                                                                                                             548   268501876

.text._open_r                                                                                                                                                                                                                                                                                                40   268502424

.text.printf                                                                                                                                                                                                                                                                                                 52   268502464

.text._puts_r                                                                                                                                                                                                                                                                                               228   268502516

.text.puts                                                                                                                                                                                                                                                                                                   20   268502744

.text._sbrk_r                                                                                                                                                                                                                                                                                                36   268502764

.text.setbuf                                                                                                                                                                                                                                                                                                 18   268502800

.text.setvbuf                                                                                                                                                                                                                                                                                               400   268502820

.text._raise_r                                                                                                                                                                                                                                                                                               84   268503220

.text.raise                                                                                                                                                                                                                                                                                                  20   268503304

.text._kill_r                                                                                                                                                                                                                                                                                                36   268503324

.text._getpid_r                                                                                                                                                                                                                                                                                               8   268503360

.text.__sread                                                                                                                                                                                                                                                                                                40   268503368

.text.__swrite                                                                                                                                                                                                                                                                                               56   268503408

.text.__sseek                                                                                                                                                                                                                                                                                                44   268503464

.text.__sclose                                                                                                                                                                                                                                                                                               12   268503508

.text.strspn                                                                                                                                                                                                                                                                                                 34   268503520

.text.vprintf                                                                                                                                                                                                                                                                                                44   268503556

.text._vsnprintf_r                                                                                                                                                                                                                                                                                           86   268503600

.text.vsnprintf                                                                                                                                                                                                                                                                                              24   268503688

.text.__swbuf_r                                                                                                                                                                                                                                                                                             172   268503712

.text._write_r                                                                                                                                                                                                                                                                                               40   268503884

.text.__swsetup_r                                                                                                                                                                                                                                                                                           240   268503924

.text._close_r                                                                                                                                                                                                                                                                                               36   268504164

.text.quorem                                                                                                                                                                                                                                                                                                278   268504200

.text._dtoa_r                                                                                                                                                                                                                                                                                              3020   268504480

.text.__sflags                                                                                                                                                                                                                                                                                              114   268507500

.text._fstat_r                                                                                                                                                                                                                                                                                               36   268507616

.text._isatty_r                                                                                                                                                                                                                                                                                              36   268507652

.text._localeconv_r                                                                                                                                                                                                                                                                                           8   268507688

.text._lseek_r                                                                                                                                                                                                                                                                                               40   268507696

.text.__ascii_mbtowc                                                                                                                                                                                                                                                                                         36   268507736

.text._Balloc                                                                                                                                                                                                                                                                                               112   268507772

.text._Bfree                                                                                                                                                                                                                                                                                                 50   268507884

.text.__multadd                                                                                                                                                                                                                                                                                             124   268507934

.text.__hi0bits                                                                                                                                                                                                                                                                                              52   268508058

.text.__lo0bits                                                                                                                                                                                                                                                                                              92   268508110

.text.__i2b                                                                                                                                                                                                                                                                                                  18   268508202

.text.__multiply                                                                                                                                                                                                                                                                                            326   268508220

.text.__pow5mult                                                                                                                                                                                                                                                                                            160   268508548

.text.__lshift                                                                                                                                                                                                                                                                                              200   268508708

.text.__mcmp                                                                                                                                                                                                                                                                                                 54   268508908

.text.__mdiff                                                                                                                                                                                                                                                                                               262   268508962

.text.__d2b                                                                                                                                                                                                                                                                                                 172   268509224

.text.__ssputs_r                                                                                                                                                                                                                                                                                            196   268509396

.text._svfprintf_r                                                                                                                                                                                                                                                                                          512   268509592

.text._read_r                                                                                                                                                                                                                                                                                                40   268510104

.text.__ascii_wctomb                                                                                                                                                                                                                                                                                         26   268510144

.text._getpid                                                                                                                                                                                                                                                                                                16   268510172

.text._kill                                                                                                                                                                                                                                                                                                  16   268510188

.rodata                                                                                                                                                                                                                                                                                                     192   268510204

.rodata.loop.str1.4                                                                                                                                                                                                                                                                                          10   268510396

.rodata.setup.str1.4                                                                                                                                                                                                                                                                                         36   268510408

.rodata._ZL11magic_token                                                                                                                                                                                                                                                                                     12   268510444

.rodata._ZZN4mbed8CallbackIFvvEE8generateIZNS2_C4IPN7arduino4UARTEMS6_FvvELi0EEET_T0_EUlvE_vEEvOSA_E3ops                                                                                                                                                                                                     12   268510456

.rodata._ZTVN7arduino4UARTE                                                                                                                                                                                                                                                                                  52   268510468

.rodata._ZN7arduino18PluggableUSBDevice20string_iproduct_descEv.str1.4                                                                                                                                                                                                                                       17   268510520

.rodata._ZTVN7arduino18PluggableUSBDeviceE                                                                                                                                                                                                                                                                  136   268510540

.rodata._ZZN7arduino18PluggableUSBDevice25string_imanufacturer_descEvE31string_imanufacturer_descriptor                                                                                                                                                                                                      16   268510676

.rodata._ZN7arduino6USBCDC4initER16EndpointResolver.str1.4                                                                                                                                                                                                                                                  109   268510692

.rodata._ZN7arduino6USBCDC12_receive_isrEv.str1.4                                                                                                                                                                                                                                                            14   268510804

.rodata._ZN7arduino6USBCDC26_change_terminal_connectedEb.str1.4                                                                                                                                                                                                                                              37   268510820

.rodata._ZTVN7arduino6USBCDC10AsyncWriteE                                                                                                                                                                                                                                                                    24   268510860

.rodata._ZTVN7arduino6USBCDC9AsyncReadE                                                                                                                                                                                                                                                                      24   268510884

.rodata._ZTVN7arduino6USBCDC9AsyncWaitE                                                                                                                                                                                                                                                                      24   268510908

.rodata._ZZN4mbed8CallbackIFvvEE8generateIZNS2_C4IPN7arduino6USBCDCEMS6_FvvELi0EEET_T0_EUlvE_vEEvOSA_E3ops                                                                                                                                                                                                   12   268510932

.rodata._ZN4rtos6KernelL20wait_for_u32_foreverE                                                                                                                                                                                                                                                               4   268510944

.rodata._ZTVN7arduino6USBCDCE                                                                                                                                                                                                                                                                                72   268510948

.rodata._ZZN7arduino6USBCDC20string_iproduct_descEvE24stringIproductDescriptor                                                                                                                                                                                                                               22   268511020

.rodata._ZN7arduino9USBSerial7data_rxEv.str1.4                                                                                                                                                                                                                                                              132   268511044

.rodata._ZN7arduino9USBSerial5beginEm.str1.4                                                                                                                                                                                                                                                                  7   268511176

.rodata._ZZN4mbed8CallbackIFvvEE8generateIZNS2_C4IPN7arduino9USBSerialEMS6_FvvELi0EEET_T0_EUlvE_vEEvOSA_E3ops                                                                                                                                                                                                12   268511184

.rodata._ZZN4mbed8CallbackIFvvEE8generateIPS1_vEEvOT_E3ops                                                                                                                                                                                                                                                   12   268511196

.rodata._ZTVN7arduino9USBSerialE                                                                                                                                                                                                                                                                            284   268511208

.rodata._ZTVN7arduino9IPAddressE                                                                                                                                                                                                                                                                             12   268511492

.rodata._ZN7arduino5Print7printlnEv.str1.4                                                                                                                                                                                                                                                                    3   268511504

.rodata._ZN7arduino5Print10printFloatEdi.str1.4                                                                                                                                                                                                                                                              14   268511508

.rodata.svcRtxKernelGetInfo.str1.1                                                                                                                                                                                                                                                                           11   268511522

.rodata.str1.1                                                                                                                                                                                                                                                                                              568   268511533

.rodata.osRtxUserSVC                                                                                                                                                                                                                                                                                          4   268512104

.rodata.os_idle_thread_attr                                                                                                                                                                                                                                                                                  36   268512108

.rodata.os_timer_mq_attr                                                                                                                                                                                                                                                                                     24   268512144

.rodata.os_timer_thread_attr                                                                                                                                                                                                                                                                                 36   268512168

.rodata.mbed_toolchain_init.str1.1                                                                                                                                                                                                                                                                           23   268512204

.rodata.mbed_rtos_start.str1.1                                                                                                                                                                                                                                                                               54   268512227

.rodata.trap_rtx_error.str1.1                                                                                                                                                                                                                                                                                 8   268512281

.rodata.osRtxErrorNotify.str1.1                                                                                                                                                                                                                                                                             272   268512289

.rodata.CSWTCH.12                                                                                                                                                                                                                                                                                            24   268512564

.rodata._ZNK4mbed8CallbackIFvvEE4callEv.str1.1                                                                                                                                                                                                                                                               59   268512588

.rodata._ZNK12SingletonPtrIN4mbed8CallbackIFiiNS1_IFvvEEEEEEE3getEv.str1.1                                                                                                                                                                                                                                   86   268512647

.rodata._ZTVN4mbed8AnalogInE                                                                                                                                                                                                                                                                                 24   268512736

.rodata._ZN4mbed10SerialBase16set_flow_controlENS0_4FlowE7PinNameS2_.str1.1                                                                                                                                                                                                                                  63   268512760

.rodata._ZTVN4mbed10SerialBaseE                                                                                                                                                                                                                                                                              24   268512824

.rodata._ZTVN4mbed16UnbufferedSerialE                                                                                                                                                                                                                                                                       140   268512848

.rodata._ZN7AsyncOpD2Ev.str1.1                                                                                                                                                                                                                                                                               55   268512988

.rodata._ZN7AsyncOp4waitEPN4rtos5MutexENSt6chrono8durationImSt5ratioILx1ELx1000EEEE.str1.1                                                                                                                                                                                                                   14   268513043

.rodata._ZTV7AsyncOp                                                                                                                                                                                                                                                                                         24   268513060

.rodata._ZN9USBDevice6unlockEv.str1.1                                                                                                                                                                                                                                                                        55   268513084

.rodata._ZN9USBDevice3outEh.str1.1                                                                                                                                                                                                                                                                           31   268513139

.rodata._ZN9USBDevice26complete_request_xfer_doneEb.str1.1                                                                                                                                                                                                                                                   43   268513170

.rodata._ZN9USBDevice7ep0_outEv.str1.1                                                                                                                                                                                                                                                                      114   268513213

.rodata._ZN9USBDevice26complete_set_configurationEb.str1.1                                                                                                                                                                                                                                                   44   268513327

.rodata._ZN9USBDevice22complete_set_interfaceEb.str1.1                                                                                                                                                                                                                                                       40   268513371

.rodata._ZN9USBDevice16complete_requestENS_13RequestResultEPhm.str1.1                                                                                                                                                                                                                                        35   268513411

.rodata._ZN9USBDevice12endpoint_addEhm13usb_ep_type_tN4mbed8CallbackIFvvEEE.str1.1                                                                                                                                                                                                                           58   268513446

.rodata._ZN9USBDevice14endpoint_abortEh.str1.1                                                                                                                                                                                                                                                               14   268513504

.rodata._ZN9USBDevice10read_startEhPhm.str1.1                                                                                                                                                                                                                                                                81   268513518

.rodata._ZN9USBDevice11write_startEhPhm.str1.1                                                                                                                                                                                                                                                               63   268513599

.rodata._ZN9USBDeviceD2Ev.str1.1                                                                                                                                                                                                                                                                             14   268513662

.rodata._ZTV9USBDevice                                                                                                                                                                                                                                                                                      136   268513676

.rodata._ZZN9USBDevice18string_langid_descEvE24string_langid_descriptor                                                                                                                                                                                                                                       4   268513812

.rodata._ZZN9USBDevice19string_iserial_descEvE25string_iserial_descriptor                                                                                                                                                                                                                                    22   268513816

.rodata._ZZN9USBDevice20string_iproduct_descEvE26string_iproduct_descriptor                                                                                                                                                                                                                                  22   268513838

.rodata._ZZN9USBDevice22string_iinterface_descEvE28string_iinterface_descriptor                                                                                                                                                                                                                               8   268513860

.rodata._ZZN9USBDevice25string_imanufacturer_descEvE31string_imanufacturer_descriptor                                                                                                                                                                                                                        18   268513868

.rodata._ZZN9USBDevice26string_iconfiguration_descEvE32string_iconfiguration_descriptor                                                                                                                                                                                                                       6   268513886

.rodata.hal_critical_section_exit.str1.1                                                                                                                                                                                                                                                                     75   268513892

.rodata.pinmap_peripheral.str1.1                                                                                                                                                                                                                                                                             32   268513967

.rodata.schedule_interrupt.str1.1                                                                                                                                                                                                                                                                            75   268513999

.rodata.initialize.str1.1                                                                                                                                                                                                                                                                                    85   268514074

.rodata.us_data                                                                                                                                                                                                                                                                                               8   268514160

.rodata.us_interface                                                                                                                                                                                                                                                                                         36   268514168

.rodata._ZN4mbed8FileBase6lookupEPKcj.str1.1                                                                                                                                                                                                                                                                  8   268514204

.rodata._ZTVN4mbed8FileBaseE                                                                                                                                                                                                                                                                                 16   268514212

.rodata._ZTVN4mbed10FileHandleE                                                                                                                                                                                                                                                                              80   268514228

.rodata._ZN4mbed8FilePathC2EPKc.str1.1                                                                                                                                                                                                                                                                       50   268514308

.rodata._ZN4mbed6StreamC2EPKc.str1.1                                                                                                                                                                                                                                                                         22   268514358

.rodata._ZTVN4mbed8FileLikeE                                                                                                                                                                                                                                                                                 96   268514380

.rodata._ZTVN4mbed6StreamE                                                                                                                                                                                                                                                                                  112   268514476

.rodata.print_context_info.str1.1                                                                                                                                                                                                                                                                           194   268514588

.rodata.mbed_fault_handler.str1.1                                                                                                                                                                                                                                                                           144   268514782

.rodata.mbed_error_vprintf.str1.1                                                                                                                                                                                                                                                                             5   268514926

.rodata.core_util_critical_section_enter.str1.1                                                                                                                                                                                                                                                              91   268514931

.rodata.print_error_report.constprop.0.str1.1                                                                                                                                                                                                                                                               556   268515022

.rodata.__cxa_guard_acquire.str1.1                                                                                                                                                                                                                                                                           74   268515578

.rodata.__cxa_guard_release.str1.1                                                                                                                                                                                                                                                                           55   268515652

.rodata._write.str1.1                                                                                                                                                                                                                                                                                        60   268515707

.rodata._read.str1.1                                                                                                                                                                                                                                                                                         60   268515767

.rodata._Znwj.str1.1                                                                                                                                                                                                                                                                                         29   268515827

.rodata._ZTV12DirectSerial                                                                                                                                                                                                                                                                                   80   268515856

.rodata._ZZL15default_consolevE14console_pinmap                                                                                                                                                                                                                                                              24   268515936

.rodata.__stderr_name                                                                                                                                                                                                                                                                                         8   268515960

.rodata.__stdin_name                                                                                                                                                                                                                                                                                          7   268515968

.rodata.__stdout_name                                                                                                                                                                                                                                                                                         8   268515975

.rodata.mbed_stats_cpu_get.str1.1                                                                                                                                                                                                                                                                            53   268515983

.rodata._ZN4rtos10EventFlags11constructorEPKc.str1.1                                                                                                                                                                                                                                                         41   268516036

.rodata._ZN4rtos10EventFlagsC2Ev.str1.1                                                                                                                                                                                                                                                                      32   268516077

.rodata._ZN4rtos5Mutex11constructorEPKc.str1.1                                                                                                                                                                                                                                                               94   268516109

.rodata._ZN4rtos5Mutex4lockEv.str1.1                                                                                                                                                                                                                                                                         18   268516203

.rodata._ZN4rtos5Mutex6unlockEv.str1.1                                                                                                                                                                                                                                                                       20   268516221

.rodata._ZN4rtos9Semaphore11constructorElt.str1.1                                                                                                                                                                                                                                                            51   268516241

.rodata._ZN4rtos9Semaphore11try_acquireEv.str1.1                                                                                                                                                                                                                                                             25   268516292

.rodata._ZN4rtosL14flags_wait_forEmNSt6chrono8durationImSt5ratioILx1ELx1000EEEEbm.str1.1                                                                                                                                                                                                                    170   268516317

.rodata._ZN4rtos10ThisThread9sleep_forENSt6chrono8durationImSt5ratioILx1ELx1000EEEE.str1.1                                                                                                                                                                                                                   15   268516487

.rodata._ZN4rtos6Thread6_thunkEPv.str1.1                                                                                                                                                                                                                                                                     59   268516502

.rodata._ZN4rtos6Thread11constructorEm12osPriority_tmPhPKc.str1.1                                                                                                                                                                                                                                            27   268516561

.rodata._ZTVN4rtos6ThreadE                                                                                                                                                                                                                                                                                   16   268516588

.rodata.PinMap_ADC                                                                                                                                                                                                                                                                                           72   268516604

.rodata.PinMap_UART_RX                                                                                                                                                                                                                                                                                      108   268516676

.rodata.PinMap_UART_TX                                                                                                                                                                                                                                                                                      108   268516784

.rodata._ZTV8USBPhyHw                                                                                                                                                                                                                                                                                       124   268516892

.rodata._ZZN8USBPhyHw14endpoint_tableEvE14template_table                                                                                                                                                                                                                                                     68   268517016

.rodata.analogin_init.str1.1                                                                                                                                                                                                                                                                                125   268517084

.rodata.gpio_mode.str1.1                                                                                                                                                                                                                                                                                     86   268517209

.rodata.lock_init.str1.1                                                                                                                                                                                                                                                                                    132   268517295

.rodata.__func__.0                                                                                                                                                                                                                                                                                          129   268517427

.rodata.hw_claim_clear.str1.1                                                                                                                                                                                                                                                                               143   268517556

.rodata.clock_configure.str1.1                                                                                                                                                                                                                                                                              113   268517699

.rodata.__func__.1                                                                                                                                                                                                                                                                                           39   268517812

.rodata.resolve_branch.str1.1                                                                                                                                                                                                                                                                               111   268517851

.rodata.make_branch.str1.1                                                                                                                                                                                                                                                                                   16   268517962

.rodata.irq_set_exclusive_handler.str1.1                                                                                                                                                                                                                                                                     54   268517978

.rodata.irq_remove_handler.str1.1                                                                                                                                                                                                                                                                            42   268518032

.rodata.irq_add_tail_to_free_list.str1.1                                                                                                                                                                                                                                                                     56   268518074

.rodata.__func__.2                                                                                                                                                                                                                                                                                           19   268518130

.rodata.__func__.3                                                                                                                                                                                                                                                                                           12   268518149

.rodata.__func__.4                                                                                                                                                                                                                                                                                           15   268518161

.rodata.__func__.6                                                                                                                                                                                                                                                                                           26   268518176

.rodata.pll_init.str1.1                                                                                                                                                                                                                                                                                     241   268518202

.rodata.hardware_alarm_claim.str1.1                                                                                                                                                                                                                                                                          34   268518443

.rodata.hardware_alarm_set_target.str1.1                                                                                                                                                                                                                                                                    127   268518477

.rodata.hw_enumeration_fix_force_ls_j.str1.1                                                                                                                                                                                                                                                                200   268518604

.rodata.__assert_func.str1.1                                                                                                                                                                                                                                                                                 60   268518804

.rodata.panic.str1.1                                                                                                                                                                                                                                                                                         16   268518864

.rodata.serial_init.str1.1                                                                                                                                                                                                                                                                                   20   268518880

.rodata.serial_format.str1.1                                                                                                                                                                                                                                                                                 19   268518900

.rodata.CSWTCH.47                                                                                                                                                                                                                                                                                             3   268518919

.rodata.info.0                                                                                                                                                                                                                                                                                                8   268518924

.rodata._ZSt7nothrow                                                                                                                                                                                                                                                                                          1   268518932

.rodata.__aeabi_fdiv                                                                                                                                                                                                                                                                                        128   268518936

.rodata.__aeabi_fmul                                                                                                                                                                                                                                                                                         64   268519064

.rodata.__aeabi_ddiv                                                                                                                                                                                                                                                                                         64   268519128

.rodata.__aeabi_dmul                                                                                                                                                                                                                                                                                         64   268519192

.rodata.sqrtf.str1.4                                                                                                                                                                                                                                                                                          6   268519256

.rodata.npio2_hw                                                                                                                                                                                                                                                                                            128   268519264

.rodata.two_over_pi                                                                                                                                                                                                                                                                                         264   268519392

.rodata.PIo2                                                                                                                                                                                                                                                                                                 64   268519656

.rodata.init_jk                                                                                                                                                                                                                                                                                              16   268519720

.rodata._ctype_                                                                                                                                                                                                                                                                                             257   268519736

.rodata.__sf_fake_stderr                                                                                                                                                                                                                                                                                     32   268519996

.rodata.__sf_fake_stdin                                                                                                                                                                                                                                                                                      32   268520028

.rodata.__sf_fake_stdout                                                                                                                                                                                                                                                                                     32   268520060

.rodata._global_impure_ptr                                                                                                                                                                                                                                                                                    4   268520092

.rodata._vfprintf_r.str1.1                                                                                                                                                                                                                                                                                   17   268520096

.rodata._printf_float.str1.1                                                                                                                                                                                                                                                                                 18   268520113

.rodata._printf_i.str1.1                                                                                                                                                                                                                                                                                     34   268520131

.rodata._dtoa_r.str1.1                                                                                                                                                                                                                                                                                       15   268520165

.rodata._setlocale_r.str1.1                                                                                                                                                                                                                                                                                   8   268520180

.rodata.__mprec_bigtens                                                                                                                                                                                                                                                                                      40   268520192

.rodata.__mprec_tens                                                                                                                                                                                                                                                                                        200   268520232

.rodata.p05.6127                                                                                                                                                                                                                                                                                             12   268520432

.rodata._svfprintf_r.str1.1                                                                                                                                                                                                                                                                                  17   268520444

.ARM.exidx                                                                                                                                                                                                                                                                                                    8   268520464

.ram_vector_table                                                                                                                                                                                                                                                                                           192   536870912

.data                                                                                                                                                                                                                                                                                                      1856   536871104

.uninitialized_ram.magic_location                                                                                                                                                                                                                                                                            12   536872960

.uninitialized_data                                                                                                                                                                                                                                                                                           0   536872972

.scratch_x                                                                                                                                                                                                                                                                                                    0   537133056

.scratch_y                                                                                                                                                                                                                                                                                                    0   537137152

.bss                                                                                                                                                                                                                                                                                                      41040   536872976

.heap                                                                                                                                                                                                                                                                                                    218016   536914016

.ARM.attributes                                                                                                                                                                                                                                                                                              40           0

.comment                                                                                                                                                                                                                                                                                                    132           0

.debug_info                                                                                                                                                                                                                                                                                              595205           0

.debug_abbrev                                                                                                                                                                                                                                                                                             49573           0

.debug_loc                                                                                                                                                                                                                                                                                                35440           0

.debug_aranges                                                                                                                                                                                                                                                                                             2864           0

.debug_ranges                                                                                                                                                                                                                                                                                              3456           0

.debug_line                                                                                                                                                                                                                                                                                               85188           0

.debug_str                                                                                                                                                                                                                                                                                                90206           0

.debug_frame                                                                                                                                                                                                                                                                                              14576           0

.stab                                                                                                                                                                                                                                                                                                        60           0

.stabstr                                                                                                                                                                                                                                                                                                    118           0

Total                                                                                                                                                                                                                                                                                                   1222800
========================= [SUCCESS] Took 1.28 seconds =========================
